*
*ERROR*
*MERR*
*MERRMSG*
+
-
/
/=
1+
1-
:AUTOLISP
:CONSTANTS-PREFIX
:METHODS-PREFIX
:PROG-ID
:PROPERTIES-PREFIX
:TLB-FILENAME
:VLAX-FALSE
:VLAX-NULL
:VLAX-TRUE
:VLR-ABORTATTACH
:VLR-ABORTDEEPCLONE
:VLR-ABORTDXFIN
:VLR-ABORTDXFOUT
:VLR-ABORTINSERT
:VLR-ABORTRESTORE
:VLR-ABORTWBLOCK
:VLR-ACDB-REACTOR
:VLR-BEGINATTACH
:VLR-BEGINCLOSE
:VLR-BEGINDEEPCLONE
:VLR-BEGINDEEPCLONEXLATION
:VLR-BEGINDOUBLECLICK
:VLR-BEGINDWGOPEN
:VLR-BEGINDXFIN
:VLR-BEGINDXFOUT
:VLR-BEGININSERT
:VLR-BEGININSERTM
:VLR-BEGINRESTORE
:VLR-BEGINRIGHTCLICK
:VLR-BEGINSAVE
:VLR-BEGINWBLOCK
:VLR-BEGINWBLOCKID
:VLR-BEGINWBLOCKOBJECTS
:VLR-BEGINWBLOCKPT
:VLR-CANCELLED
:VLR-COMANDEERED
:VLR-COMMAND-REACTOR
:VLR-COMMANDCANCELLED
:VLR-COMMANDENDED
:VLR-COMMANDFAILED
:VLR-COMMANDWILLSTART
:VLR-COPIED
:VLR-DATABASECONSTRUCTED
:VLR-DATABASETOBEDESTROYED
:VLR-DEEPCLONE-REACTOR
:VLR-DOCFRAMEMOVEDORRESIZED
:VLR-DOCMANAGER-REACTOR
:VLR-DOCUMENTBECAMECURRENT
:VLR-DOCUMENTCREATED
:VLR-DOCUMENTLOCKMODECHANGED
:VLR-DOCUMENTLOCKMODECHANGEVETOED
:VLR-DOCUMENTLOCKMODEWILLCHANGE
:VLR-DOCUMENTTOBEACTIVATED
:VLR-DOCUMENTTOBEDEACTIVATED
:VLR-DOCUMENTTOBEDESTROYED
:VLR-DWG-REACTOR
:VLR-DWGFILEOPENED
:VLR-DXF-REACTOR
:VLR-DXFINCOMPLETE
:VLR-DXFOUTCOMPLETE
:VLR-EDITOR-REACTOR
:VLR-ENDATTACH
:VLR-ENDDEEPCLONE
:VLR-ENDDWGOPEN
:VLR-ENDINSERT
:VLR-ENDRESTORE
:VLR-ENDWBLOCK
:VLR-ERASED
:VLR-GOODBYE
:VLR-INSERT-REACTOR
:VLR-LAYOUTSWITCHED
:VLR-LINKER-REACTOR
:VLR-LISP-REACTOR
:VLR-LISPCANCELLED
:VLR-LISPENDED
:VLR-LISPWILLSTART
:VLR-MAINFRAMEMOVEDORRESIZED
:VLR-MISCELLANEOUS-REACTOR
:VLR-MODIFIED
:VLR-MODIFIEDXDATA
:VLR-MODIFYUNDONE
:VLR-MOUSE-REACTOR
:VLR-OBJECT-REACTOR
:VLR-OBJECTAPPENDED
:VLR-OBJECTCLOSED
:VLR-OBJECTERASED
:VLR-OBJECTMODIFIED
:VLR-OBJECTOPENEDFORMODIFY
:VLR-OBJECTREAPPENDED
:VLR-OBJECTUNAPPENDED
:VLR-OBJECTUNERASED
:VLR-OPENEDFORMODIFY
:VLR-OTHERATTACH
:VLR-OTHERINSERT
:VLR-OTHERWBLOCK
:VLR-PICKFIRSTMODIFIED
:VLR-REAPPENDED
:VLR-REDIRECTED
:VLR-RXAPPLOADED
:VLR-RXAPPUNLOADED
:VLR-SAVECOMPLETE
:VLR-SUBOBJMODIFIED
:VLR-SYSVAR-REACTOR
:VLR-SYSVARCHANGED
:VLR-SYSVARWILLCHANGE
:VLR-TOOLBAR-REACTOR
:VLR-TOOLBARBITMAPSIZECHANGED
:VLR-TOOLBARBITMAPSIZEWILLCHANGE
:VLR-UNAPPENDED
:VLR-UNDO-REACTOR
:VLR-UNDOSUBCOMMANDAUTO
:VLR-UNDOSUBCOMMANDBACK
:VLR-UNDOSUBCOMMANDBEGIN
:VLR-UNDOSUBCOMMANDCONTROL
:VLR-UNDOSUBCOMMANDEND
:VLR-UNDOSUBCOMMANDMARK
:VLR-UNDOSUBCOMMANDNUMBER
:VLR-UNERASED
:VLR-UNKNOWNCOMMAND
:VLR-WBLOCK-REACTOR
:VLR-WBLOCKNOTICE
:VLR-WINDOW-REACTOR
:VLR-XREF-REACTOR
:VLR-XREFSUBCOMMANDATTACHITEM
:VLR-XREFSUBCOMMANDBINDITEM
:VLR-XREFSUBCOMMANDDETACHITEM
:VLR-XREFSUBCOMMANDOVERLAYITEM
:VLR-XREFSUBCOMMANDPATHITEM
:VLR-XREFSUBCOMMANDRELOADITEM
:VLR-XREFSUBCOMMANDUNLOADITEM
<
<=
=
>
>=
A
ABS
AC0DEGREES
AC100_1
AC10_1
AC180DEGREES
AC1FT_1FT
AC1IN_1FT
AC1_1
AC1_10
AC1_100
AC1_128IN_1FT
AC1_16
AC1_16IN_1FT
AC1_2
AC1_20
AC1_2IN_1FT
AC1_30
AC1_32IN_1FT
AC1_4
AC1_40
AC1_4IN_1FT
AC1_50
AC1_64IN_1FT
AC1_8
AC1_8IN_1FT
AC2000_DWG
AC2000_DXF
AC2000_TEMPLATE
AC2004_DWG
AC2004_DXF
AC2004_TEMPLATE
AC2007_DWG
AC2007_DXF
AC2007_TEMPLATE
AC2010_DWG
AC2010_DXF
AC2010_TEMPLATE
AC2013_DWG
AC2013_DXF
AC2013_TEMPLATE
AC270DEGREES
AC2_1
AC3DFACE
AC3DPOLYLINE
AC3DSOLID
AC3IN_1FT
AC3_16IN_1FT
AC3_32IN_1FT
AC3_4IN_1FT
AC3_8IN_1FT
AC4_1
AC6IN_1FT
AC8_1
AC90DEGREES
ACABOVE
ACACTIVEVIEWPORT
ACAD-POP-DBMOD
ACAD-PUSH-DBMOD
ACADSECURITYPARAMS_ADD_TIMESTAMP
ACADSECURITYPARAMS_ALGID_RC4
ACADSECURITYPARAMS_ENCRYPT_DATA
ACADSECURITYPARAMS_ENCRYPT_PROPS
ACADSECURITYPARAMS_SIGN_DATA
ACAD_COLORDLG
ACAD_HELPDLG
ACAD_STRLSORT
ACAD_TRUECOLORCLI
ACAD_TRUECOLORDLG
ACALIGNMENTALIGNED
ACALIGNMENTBOTTOMCENTER
ACALIGNMENTBOTTOMLEFT
ACALIGNMENTBOTTOMRIGHT
ACALIGNMENTCENTER
ACALIGNMENTFIT
ACALIGNMENTLEFT
ACALIGNMENTMIDDLE
ACALIGNMENTMIDDLECENTER
ACALIGNMENTMIDDLELEFT
ACALIGNMENTMIDDLERIGHT
ACALIGNMENTRIGHT
ACALIGNMENTTOPCENTER
ACALIGNMENTTOPLEFT
ACALIGNMENTTOPRIGHT
ACALIGNPNTACQUISITIONAUTOMATIC
ACALIGNPNTACQUISITIONSHIFTTOACQUIRE
ACALLNORMAL
ACALLVIEWPORTS
ACALWAYSRIGHTREADINGANGLE
ACANGULAR
ACANY
ACAPPLIED
ACARC
ACARCHITECTURAL
ACAREA
ACARROWARCHTICK
ACARROWBOXBLANK
ACARROWBOXFILLED
ACARROWCLOSED
ACARROWCLOSEDBLANK
ACARROWDATUMBLANK
ACARROWDATUMFILLED
ACARROWDEFAULT
ACARROWDOT
ACARROWDOTBLANK
ACARROWDOTSMALL
ACARROWINTEGRAL
ACARROWNONE
ACARROWOBLIQUE
ACARROWOPEN
ACARROWOPEN30
ACARROWOPEN90
ACARROWORIGIN
ACARROWORIGIN2
ACARROWSMALL
ACARROWSONLY
ACARROWUSERDEFINED
ACATTACHMENTALLLINE
ACATTACHMENTBOTTOMLINE
ACATTACHMENTBOTTOMOFBOTTOM
ACATTACHMENTBOTTOMOFTOP
ACATTACHMENTBOTTOMOFTOPLINE
ACATTACHMENTCENTER
ACATTACHMENTHORIZONTAL
ACATTACHMENTLINEDCENTER
ACATTACHMENTMIDDLE
ACATTACHMENTMIDDLEOFBOTTOM
ACATTACHMENTMIDDLEOFTOP
ACATTACHMENTPOINTBOTTOMCENTER
ACATTACHMENTPOINTBOTTOMLEFT
ACATTACHMENTPOINTBOTTOMRIGHT
ACATTACHMENTPOINTMIDDLECENTER
ACATTACHMENTPOINTMIDDLELEFT
ACATTACHMENTPOINTMIDDLERIGHT
ACATTACHMENTPOINTTOPCENTER
ACATTACHMENTPOINTTOPLEFT
ACATTACHMENTPOINTTOPRIGHT
ACATTACHMENTTOPOFTOP
ACATTACHMENTVERTICAL
ACATTRIBUTE
ACATTRIBUTEMODECONSTANT
ACATTRIBUTEMODEINVISIBLE
ACATTRIBUTEMODELOCKPOSITION
ACATTRIBUTEMODEMULTIPLELINE
ACATTRIBUTEMODENORMAL
ACATTRIBUTEMODEPRESET
ACATTRIBUTEMODEVERIFY
ACATTRIBUTEREFERENCE
ACBASEMENUGROUP
ACBESTFIT
ACBEZIERSURFACEMESH
ACBLOCKBOX
ACBLOCKCELL
ACBLOCKCIRCLE
ACBLOCKCONTENT
ACBLOCKHEXAGON
ACBLOCKIMPERIAL
ACBLOCKREFERENCE
ACBLOCKSLOT
ACBLOCKTRIANGLE
ACBLOCKUSERDEFINED
ACBLUE
ACBOTTOM
ACBOTTOMCENTER
ACBOTTOMLEFT
ACBOTTOMMASK
ACBOTTOMRIGHT
ACBOTTOMTOTOP
ACBUFFER
ACBYBLOCK
ACBYLAYER
ACBYSTYLE
ACCASTSANDRECEIVESSHADOWS
ACCASTSSHADOWS
ACCCW
ACCENTERALIGNMENT
ACCENTERLINE
ACCENTERMARK
ACCENTERNONE
ACCIRCLE
ACCOLORMETHODBYACI
ACCOLORMETHODBYBLOCK
ACCOLORMETHODBYLAYER
ACCOLORMETHODBYRGB
ACCOLORMETHODFOREGROUND
ACCONNECTBASE
ACCONNECTEXTENTS
ACCUBICSPLINE3DPOLY
ACCUBICSPLINEPOLY
ACCUBICSURFACEMESH
ACCW
ACCYAN
ACDATAROW
ACDATE
ACDECIMAL
ACDEFAULTUNITS
ACDEGREEMINUTESECONDS
ACDEGREES
ACDEGREES000
ACDEGREES090
ACDEGREES15
ACDEGREES180
ACDEGREES270
ACDEGREES30
ACDEGREES45
ACDEGREES60
ACDEGREES90
ACDEGREESANY
ACDEGREESHORZ
ACDEGREESUNKNOWN
ACDEMANDLOADCMDINVOKE
ACDEMANDLOADDISABLED
ACDEMANDLOADENABLED
ACDEMANDLOADENABLEDWITHCOPY
ACDEMANDLOADONOBJECTDETECT
ACDEMANLOADDISABLE
ACDGNUNDERLAY
ACDIAGONAL
ACDIM3POINTANGULAR
ACDIMALIGNED
ACDIMANGULAR
ACDIMARCHITECTURAL
ACDIMARCHITECTURALSTACKED
ACDIMARCLENGTH
ACDIMDECIMAL
ACDIMDIAMETRIC
ACDIMENABLEUPDATE
ACDIMENGINEERING
ACDIMFRACTIONAL
ACDIMFRACTIONALSTACKED
ACDIMLARCHITECTURAL
ACDIMLDECIMAL
ACDIMLENGINEERING
ACDIMLFRACTIONAL
ACDIMLINEWITHTEXT
ACDIMLSCIENTIFIC
ACDIMLWINDOWSDESKTOP
ACDIMORDINATE
ACDIMPRECISIONEIGHT
ACDIMPRECISIONFIVE
ACDIMPRECISIONFOUR
ACDIMPRECISIONONE
ACDIMPRECISIONSEVEN
ACDIMPRECISIONSIX
ACDIMPRECISIONTHREE
ACDIMPRECISIONTWO
ACDIMPRECISIONZERO
ACDIMRADIAL
ACDIMRADIALLARGE
ACDIMROTATED
ACDIMSCIENTIFIC
ACDIMWINDOWSDESKTOP
ACDISPLAY
ACDISPLAYDCS
ACDISTANCE
ACDOUBLE
ACDRAWCONTENTFIRST
ACDRAWLEADERFIRST
ACDRAWLEADERHEADFIRST
ACDRAWLEADERTAILFIRST
ACDWFUNDERLAY
ACEDREPEATLASTCOMMAND
ACEDSCM
ACELLIPSE
ACENABLESCM
ACENABLESCMOPTIONS
ACENDSNORMAL
ACENGINEERING
ACENTER
ACET-CURRENTVIEWPORT-ENAME
ACET-ERROR-INIT
ACET-ERROR-RESTORE
ACET-LAYERP-MARK
ACET-LAYERP-MODE
ACET-LAYTRANS
ACET-MS-TO-PS
ACET-PS-TO-MS
ACET-SS-REDRAW
ACET-SS-UNION
ACET-STR-FORMAT
ACET-UCS-CMD
ACET-VIEWPORT-LOCK-SET
ACET-VIEWPORT-NEXT-PICKABLE
ACEXTENDBOTH
ACEXTENDNONE
ACEXTENDOTHERENTITY
ACEXTENDTHISENTITY
ACEXTENTS
ACEXTERNALREFERENCE
ACFIRSTEXTENSIONLINE
ACFIRSTNORMAL
ACFITCURVEPOLY
ACFONTBOLD
ACFONTBOLDITALIC
ACFONTITALIC
ACFONTREGULAR
ACFOREDITING
ACFOREXPRESSION
ACFRACTIONAL
ACFULLPREVIEW
ACGENERAL
ACGRADIENTOBJECT
ACGRADS
ACGREEN
ACGROUP
ACHATCH
ACHATCHLOOPTYPEDEFAULT
ACHATCHLOOPTYPEDERIVED
ACHATCHLOOPTYPEEXTERNAL
ACHATCHLOOPTYPEPOLYLINE
ACHATCHLOOPTYPETEXTBOX
ACHATCHOBJECT
ACHATCHPATTERNTYPECUSTOMDEFINED
ACHATCHPATTERNTYPEPREDEFINED
ACHATCHPATTERNTYPEUSERDEFINED
ACHATCHSTYLEIGNORE
ACHATCHSTYLENORMAL
ACHATCHSTYLEOUTER
ACHEADERROW
ACHEIGHT
ACHORIZONTAL
ACHORIZONTALALIGNMENTALIGNED
ACHORIZONTALALIGNMENTCENTER
ACHORIZONTALALIGNMENTFIT
ACHORIZONTALALIGNMENTLEFT
ACHORIZONTALALIGNMENTMIDDLE
ACHORIZONTALALIGNMENTRIGHT
ACHORIZONTALANGLE
ACHORZBOTTOM
ACHORZCENTERED
ACHORZINSIDE
ACHORZTOP
ACIGNOREMTEXTFORMAT
ACIGNORESHADOWS
ACINCHES
ACINSERTANGLE
ACINSERTUNITSANGSTROMS
ACINSERTUNITSASTRONOMICALUNITS
ACINSERTUNITSCENTIMETERS
ACINSERTUNITSDECAMETERS
ACINSERTUNITSDECIMETERS
ACINSERTUNITSFEET
ACINSERTUNITSGIGAMETERS
ACINSERTUNITSHECTOMETERS
ACINSERTUNITSINCHES
ACINSERTUNITSKILOMETERS
ACINSERTUNITSLIGHTYEARS
ACINSERTUNITSMETERS
ACINSERTUNITSMICROINCHES
ACINSERTUNITSMICRONS
ACINSERTUNITSMILES
ACINSERTUNITSMILLIMETERS
ACINSERTUNITSMILS
ACINSERTUNITSNANOMETERS
ACINSERTUNITSPARSECS
ACINSERTUNITSUNITLESS
ACINSERTUNITSYARDS
ACINTERSECTION
ACINVALIDGRIDLINE
ACINVISIBLELEADER
ACISOLINES
ACISOPARMS
ACJIS
ACKEYBOARDENTRY
ACKEYBOARDENTRYEXCEPTSCRIPTS
ACKEYBOARDRUNNINGOBJSNAP
ACLASTNORMAL
ACLAYOUT
ACLEADER
ACLEFTALIGNMENT
ACLEFTMASK
ACLEFTTORIGHT
ACLIMITS
ACLINE
ACLINENOARROW
ACLINESPACINGSTYLEATLEAST
ACLINESPACINGSTYLEEXACTLY
ACLINEWITHARROW
ACLNWT000
ACLNWT005
ACLNWT009
ACLNWT013
ACLNWT015
ACLNWT018
ACLNWT020
ACLNWT025
ACLNWT030
ACLNWT035
ACLNWT040
ACLNWT050
ACLNWT053
ACLNWT060
ACLNWT070
ACLNWT080
ACLNWT090
ACLNWT100
ACLNWT106
ACLNWT120
ACLNWT140
ACLNWT158
ACLNWT200
ACLNWT211
ACLNWTBYBLOCK
ACLNWTBYLAYER
ACLNWTBYLWDEFAULT
ACLONG
ACLSALL
ACLSCOLOR
ACLSFROZEN
ACLSLINETYPE
ACLSLINEWEIGHT
ACLSLOCKED
ACLSNEWVIEWPORT
ACLSNONE
ACLSON
ACLSPLOT
ACLSPLOTSTYLE
ACMAGENTA
ACMAX
ACMENUFILECOMPILED
ACMENUFILESOURCE
ACMENUITEM
ACMENUSEPARATOR
ACMENUSUBMENU
ACMERGECELLSTYLECONVERTDUPLICATESTOOVERRIDES
ACMERGECELLSTYLECOPYDUPLICATES
ACMERGECELLSTYLEIGNORENEWSTYLES
ACMERGECELLSTYLENONE
ACMERGECELLSTYLEOVERWRITEDUPLICATES
ACMIDDLECENTER
ACMIDDLELEFT
ACMIDDLERIGHT
ACMILLIMETERS
ACMIN
ACMINSERTBLOCK
ACMLEADER
ACMLINE
ACMODELSPACE
ACMOVETEXTADDLEADER
ACMOVETEXTNOLEADER
ACMTEXT
ACMTEXTCONTENT
ACNATIVE
ACNONECONTENT
ACNOOVERRIDES
ACNORM
ACNOTSTACKED
ACNOUNITS
ACNURBSURFACE
ACOBJECTID
ACOCS
ACOPQHIGHGRAPHICS
ACOPQLOWGRAPHICS
ACOPQMONOCHROME
ACOQGRAPHICS
ACOQHIGHPHOTO
ACOQLINEART
ACOQPHOTO
ACOQTEXT
ACOTEMBEDDED
ACOTLINK
ACOTSTATIC
ACOUTSIDE
ACOVERFIRSTEXTENSION
ACOVERSECONDEXTENSION
ACPAPERSPACE
ACPAPERSPACEDCS
ACPARSEOPTIONNONE
ACPARTIALMENUGROUP
ACPARTIALPREVIEW
ACPDFUNDERLAY
ACPENWIDTH013
ACPENWIDTH018
ACPENWIDTH025
ACPENWIDTH035
ACPENWIDTH050
ACPENWIDTH070
ACPENWIDTH100
ACPENWIDTH140
ACPENWIDTH200
ACPENWIDTHUNK
ACPIXELS
ACPOINT
ACPOINT2D
ACPOINT3D
ACPOLICYLEGACY
ACPOLICYNAMED
ACPOLYFACEMESH
ACPOLYLINE
ACPOLYLINELIGHT
ACPOLYMESH
ACPREDEFINEDGRADIENT
ACPREFERENCECLASSIC
ACPREFERENCECUSTOM
ACPRESERVEMTEXTFORMAT
ACPRINTERALERTONCE
ACPRINTERALWAYSALERT
ACPRINTERNEVERALERT
ACPRINTERNEVERALERTLOGONCE
ACPROXYBOUNDINGBOX
ACPROXYNOTSHOW
ACPROXYSHOW
ACPVIEWPORT
ACQUADSPLINE3DPOLY
ACQUADSPLINEPOLY
ACQUADSURFACEMESH
ACR09_DXF
ACR10_DXF
ACR12_DWG
ACR12_DXF
ACR13_DWG
ACR13_DXF
ACR14_DWG
ACR14_DXF
ACR15_DWG
ACR15_DXF
ACR15_TEMPLATE
ACR18_DWG
ACR18_DXF
ACR18_TEMPLATE
ACRADIANS
ACRASTER
ACRAY
ACRECEIVESSHADOWS
ACRED
ACREGION
ACREPEATLASTCOMMAND
ACRESBUF
ACRIGHTALIGNMENT
ACRIGHTMASK
ACRIGHTTOLEFT
ACRULED
ACRX_CMD_MODAL
ACRX_CMD_REDRAW
ACRX_CMD_TRANSPARENT
ACRX_CMD_USEPICKSET
ACSCALETOFIT
ACSCIENTIFIC
ACSCM
ACSECONDEXTENSIONLINE
ACSECTIONGENERATIONDESTINATIONFILE
ACSECTIONGENERATIONDESTINATIONNEWBLOCK
ACSECTIONGENERATIONDESTINATIONREPLACEBLOCK
ACSECTIONGENERATIONSOURCEALLOBJECTS
ACSECTIONGENERATIONSOURCESELECTEDOBJECTS
ACSECTIONSTATE2BOUNDARY
ACSECTIONSTATE2PLANE
ACSECTIONSTATE2SLICE
ACSECTIONSTATE2VOLUME
ACSECTIONSTATEBOUNDARY
ACSECTIONSTATEPLANE
ACSECTIONSTATEVOLUME
ACSECTIONSUBITEMBACKLINE
ACSECTIONSUBITEMBACKLINEBOTTOM
ACSECTIONSUBITEMBACKLINETOP
ACSECTIONSUBITEMKNONE
ACSECTIONSUBITEMSECTIONLINE
ACSECTIONSUBITEMSECTIONLINEBOTTOM
ACSECTIONSUBITEMSECTIONLINETOP
ACSECTIONSUBITEMVERTICALLINEBOTTOM
ACSECTIONSUBITEMVERTICALLINETOP
ACSECTIONTYPE2DSECTION
ACSECTIONTYPE3DSECTION
ACSECTIONTYPELIVESECTION
ACSELECTIONSETALL
ACSELECTIONSETCROSSING
ACSELECTIONSETCROSSINGPOLYGON
ACSELECTIONSETFENCE
ACSELECTIONSETLAST
ACSELECTIONSETPREVIOUS
ACSELECTIONSETWINDOW
ACSELECTIONSETWINDOWPOLYGON
ACSETDEFAULTFORMAT
ACSHAPE
ACSIMPLE3DPOLY
ACSIMPLEMESH
ACSIMPLEPOLY
ACSMOOTH
ACSOLID
ACSPLINE
ACSPLINELEADER
ACSPLINENOARROW
ACSPLINEWITHARROW
ACSTRAIGHTLEADER
ACSTRING
ACSUBDMESH
ACSUBTRACTION
ACSYMABOVE
ACSYMINFRONT
ACSYMNONE
ACTABLE
ACTABLEBOTTOMTOTOP
ACTABLEFLOWDOWNORUP
ACTABLEFLOWLEFT
ACTABLEFLOWRIGHT
ACTABLESELECTCROSSING
ACTABLESELECTWINDOW
ACTABLETOPTOBOTTOM
ACTEXT
ACTEXTANDARROWS
ACTEXTCELL
ACTEXTFLAGBACKWARD
ACTEXTFLAGUPSIDEDOWN
ACTEXTONLY
ACTION_TILE
ACTITLEROW
ACTIVE-DOCUMENT-ONLY
ACTOLBASIC
ACTOLBOTTOM
ACTOLDEVIATION
ACTOLERANCE
ACTOLLIMITS
ACTOLMIDDLE
ACTOLNONE
ACTOLSYMMETRICAL
ACTOLTOP
ACTOOLBARBUTTON
ACTOOLBARCONTROL
ACTOOLBARDOCKBOTTOM
ACTOOLBARDOCKLEFT
ACTOOLBARDOCKRIGHT
ACTOOLBARDOCKTOP
ACTOOLBARFLOATING
ACTOOLBARFLYOUT
ACTOOLBARSEPARATOR
ACTOP
ACTOPCENTER
ACTOPLEFT
ACTOPMASK
ACTOPRIGHT
ACTOPTOBOTTOM
ACTRACE
ACTURNHEIGHT
ACTURNS
ACUCS
ACUNDER
ACUNIFORM
ACUNION
ACUNITANGLE
ACUNITAREA
ACUNITDISTANCE
ACUNITLESS
ACUNITVOLUME
ACUNKNOWN
ACUNKNOWNCELL
ACUNKNOWNDATATYPE
ACUNKNOWNROW
ACUSEDRAFTANGLES
ACUSEMAXIMUMPRECISION
ACUSERDEFINEDGRADIENT
ACVERTCENTERED
ACVERTICALALIGNMENTBASELINE
ACVERTICALALIGNMENTBOTTOM
ACVERTICALALIGNMENTMIDDLE
ACVERTICALALIGNMENTTOP
ACVERTINSIDE
ACVERTLEFT
ACVERTRIGHT
ACVIEW
ACVIEWPORT2HORIZONTAL
ACVIEWPORT2VERTICAL
ACVIEWPORT3ABOVE
ACVIEWPORT3BELOW
ACVIEWPORT3HORIZONTAL
ACVIEWPORT3LEFT
ACVIEWPORT3RIGHT
ACVIEWPORT3VERTICAL
ACVIEWPORT4
ACVP1
ACVP10
ACVP100
ACVP100_1
ACVP10_1
ACVP11
ACVP12
ACVP13
ACVP14
ACVP15
ACVP16
ACVP17
ACVP18
ACVP19
ACVP1AND1_2IN_1FT
ACVP1FT_1FT
ACVP1IN_1FT
ACVP1_1
ACVP1_10
ACVP1_100
ACVP1_128IN_1FT
ACVP1_16
ACVP1_16IN_1FT
ACVP1_2
ACVP1_20
ACVP1_2IN_1FT
ACVP1_30
ACVP1_32IN_1FT
ACVP1_4
ACVP1_40
ACVP1_4IN_1FT
ACVP1_50
ACVP1_64IN_1FT
ACVP1_8
ACVP1_8IN_1FT
ACVP2
ACVP20
ACVP21
ACVP22
ACVP23
ACVP24
ACVP25
ACVP26
ACVP27
ACVP28
ACVP29
ACVP2_1
ACVP3
ACVP30
ACVP31
ACVP32
ACVP33
ACVP34
ACVP35
ACVP36
ACVP37
ACVP38
ACVP39
ACVP3IN_1FT
ACVP3_16IN_1FT
ACVP3_32IN_1FT
ACVP3_4IN_1FT
ACVP3_8IN_1FT
ACVP4
ACVP40
ACVP41
ACVP42
ACVP43
ACVP44
ACVP45
ACVP46
ACVP47
ACVP48
ACVP49
ACVP4_1
ACVP5
ACVP50
ACVP51
ACVP52
ACVP53
ACVP54
ACVP55
ACVP56
ACVP57
ACVP58
ACVP59
ACVP6
ACVP60
ACVP61
ACVP62
ACVP63
ACVP64
ACVP65
ACVP66
ACVP67
ACVP68
ACVP69
ACVP6IN_1FT
ACVP7
ACVP70
ACVP71
ACVP72
ACVP73
ACVP74
ACVP75
ACVP76
ACVP77
ACVP78
ACVP79
ACVP8
ACVP80
ACVP81
ACVP82
ACVP83
ACVP84
ACVP85
ACVP86
ACVP87
ACVP88
ACVP89
ACVP8_1
ACVP9
ACVP90
ACVP91
ACVP92
ACVP93
ACVP94
ACVP95
ACVP96
ACVP97
ACVP98
ACVP99
ACVPCUSTOMSCALE
ACVPSCALETOFIT
ACWHITE
ACWINDOW
ACWORLD
ACXLINE
ACYELLOW
ACZERO
ACZOOMSCALEDABSOLUTE
ACZOOMSCALEDRELATIVE
ACZOOMSCALEDRELATIVEPSPACE
ADD_LIST
ADS-CMD
AI_APPLOADED
AI_CIRCTAN
AI_CIRCTANSTART
AI_DESELECT
AI_DIM_CEN
AI_DIM_SS
AI_DRAWORDER
AI_ENTSNAP
AI_ERROR
AI_FFILE
AI_HIDEEDGE_ALERT
AI_NOFILE
AI_NOTRANS
AI_ONOFF
AI_POPMENUCFG
AI_PUTMENUCFG
AI_REFEDIT_ALERT
AI_ROOTMENUS
AI_SETCMDECHO
AI_SHOWEDGE_ALERT
AI_SYSVAR
AI_TILEDVP
AI_TILEDVP_CHK
AI_TILES_CMDE
AI_TILES_G
AI_TRANS
AI_TRANSD
AI_UNDO_POP
AI_UNDO_PUSH
AI_VIEWPORTS_ALERT
ALERT
ALIGN
ALL-DOCUMENTS
ALLOC
AN
AND
ANG
ANGLE
ANGTOF
ANGTOS
APP
APPEND
APPLY
APPNAME
APPSET
APPTYPE
ARG
ARX
ARXLOAD
ARXUNLOAD
ASCII
ASIA_CD
ASSOC
ATAN
ATOF
ATOI
ATOM
ATOMS-FAMILY
AUTOARXACEDLOAD
AUTOARXLOAD
AUTOLOAD
AUTONATIVELOAD
B
BISCLOSE
BL
BLOCK
BOOLE
BOUNDP
BPOLY
C
C:3D
C:3DARRAY
C:3DSIN
C:AI_BOX
C:AI_CIRCTAN
C:AI_CONE
C:AI_CYLINDER
C:AI_DESELECT
C:AI_DIM_TEXTABOVE
C:AI_DIM_TEXTCENTER
C:AI_DIM_TEXTHOME
C:AI_DISH
C:AI_DOME
C:AI_DRAWORDER
C:AI_FMS
C:AI_MESH
C:AI_PSPACE
C:AI_PYRAMID
C:AI_SELALL
C:AI_SPHERE
C:AI_TILEMODE1
C:AI_TORUS
C:AI_WEDGE
C:ALIGNSPACE
C:ATTREDEF
C:BOX
C:CLEANXDATA
C:CONE
C:CYLINDER
C:DDEMODES
C:DDGRIPS
C:DDRMODES
C:DDSELECT
C:DISH
C:DOME
C:DYJT
C:EDGE
C:GIFIN
C:GOTOURL
C:LOCKUP
C:MVSETUP
C:PCXIN
C:PYRAMID
C:REGSCALE
C:SP2PL
C:SPHERE
C:SPTPL
C:TIFFIN
C:TORUS
C:TUTCLEAR
C:TUTDEMO
C:VLIDE
C:VLISP
C:WEDGE
C:XPLODE
CAAAAR
CAAADR
CAAAR
CAADAR
CAADDR
CAADR
CAAR
CADAAR
CADADR
CADAR
CADDAR
CADDDR
CADDR
CADR
CAL
CAR
CARR
CDAAAR
CDAADR
CDAAR
CDADAR
CDADDR
CDADR
CDAR
CDDAAR
CDDADR
CDDAR
CDDDAR
CDDDDR
CDDDR
CDDR
CDR
CEN1
CEN2
CFGVAL
CHECKENVIRONMENT
CHR
CLIENT_DATA_TILE
CLOSE
CMD
CMDECHO-SAVE
CMDECHOVAR
CMDLISTE
CODE
COMMAND
COND
CONS
CONTENTS
COPY_DYT
COS
COUNT
CVUNIT
CYLINDER
D
DCL
DEFUN
DEFUN-Q
DEFUN-Q-LIST-REF
DEFUN-Q-LIST-SET
DICTADD
DICTNEXT
DICTREMOVE
DICTRENAME
DICTSEARCH
DIMX_TILE
DIMY_TILE
DISTANCE
DISTOF
DONE_DIALOG
E
E1
E2
EACHXX
ECHO
ELAST
ELEV
EN
END_IMAGE
END_LIST
ENL
ENT
ENTDEL
ENTGET
ENTINFO
ENTLAST
ENTMAKE
ENTMAKEX
ENTMOD
ENTN
ENTNAME
ENTNEXT
ENTPT
ENTSEL
ENTUPD
EQ
EQUAL
ERROLD
EVAL
EXIT
EXP
EXPAND
EXPT
EXRXSUBR
F
FD
FILE
FILEDIA-SAVE
FILEDIA_OLD
FILENAME
FILL_IMAGE
FINDFILE
FITSTR2LEN
FIX
FLAG
FLAG2
FLOAT
FMSA
FMSB
FNAME
FNSPLITL
FOREACH
FUNCTION
G::STARTUP
GC
GC0DEGREES
GC100_1
GC10_1
GC180DEGREES
GC1FT_1FT
GC1IN_1FT
GC1_1
GC1_10
GC1_100
GC1_128IN_1FT
GC1_16
GC1_16IN_1FT
GC1_2
GC1_20
GC1_2IN_1FT
GC1_30
GC1_32IN_1FT
GC1_4
GC1_40
GC1_4IN_1FT
GC1_50
GC1_64IN_1FT
GC1_8
GC1_8IN_1FT
GC2000_DWG
GC2000_DXF
GC2000_TEMPLATE
GC2004_DWG
GC2004_DXF
GC2004_TEMPLATE
GC2007_DWG
GC2007_DXF
GC2007_TEMPLATE
GC2010_DWG
GC2010_DXF
GC2010_TEMPLATE
GC2013_DWG
GC2013_DXF
GC2013_TEMPLATE
GC270DEGREES
GC2_1
GC3DFACE
GC3DPOLYLINE
GC3DSOLID
GC3IN_1FT
GC3_16IN_1FT
GC3_32IN_1FT
GC3_4IN_1FT
GC3_8IN_1FT
GC4_1
GC6IN_1FT
GC8_1
GC90DEGREES
GCABOVE
GCACTIVEVIEWPORT
GCADSECURITYPARAMS_ADD_TIMESTAMP
GCADSECURITYPARAMS_ALGID_RC4
GCADSECURITYPARAMS_ENCRYPT_DATA
GCADSECURITYPARAMS_ENCRYPT_PROPS
GCADSECURITYPARAMS_SIGN_DATA
GCALIGNMENTALIGNED
GCALIGNMENTBOTTOMCENTER
GCALIGNMENTBOTTOMLEFT
GCALIGNMENTBOTTOMRIGHT
GCALIGNMENTCENTER
GCALIGNMENTFIT
GCALIGNMENTLEFT
GCALIGNMENTMIDDLE
GCALIGNMENTMIDDLECENTER
GCALIGNMENTMIDDLELEFT
GCALIGNMENTMIDDLERIGHT
GCALIGNMENTRIGHT
GCALIGNMENTTOPCENTER
GCALIGNMENTTOPLEFT
GCALIGNMENTTOPRIGHT
GCALIGNPNTACQUISITIONAUTOMATIC
GCALIGNPNTACQUISITIONSHIFTTOACQUIRE
GCALLNORMAL
GCALLVIEWPORTS
GCALWAYSRIGHTREADINGANGLE
GCANGULAR
GCANY
GCAPPLIED
GCARC
GCARCHITECTURAL
GCAREA
GCARROWARCHTICK
GCARROWBOXBLANK
GCARROWBOXFILLED
GCARROWCLOSED
GCARROWCLOSEDBLANK
GCARROWDATUMBLANK
GCARROWDATUMFILLED
GCARROWDEFAULT
GCARROWDOT
GCARROWDOTBLANK
GCARROWDOTSMALL
GCARROWINTEGRAL
GCARROWNONE
GCARROWOBLIQUE
GCARROWOPEN
GCARROWOPEN30
GCARROWOPEN90
GCARROWORIGIN
GCARROWORIGIN2
GCARROWSMALL
GCARROWSONLY
GCARROWUSERDEFINED
GCATTACHMENTALLLINE
GCATTACHMENTBOTTOMLINE
GCATTACHMENTBOTTOMOFBOTTOM
GCATTACHMENTBOTTOMOFTOP
GCATTACHMENTBOTTOMOFTOPLINE
GCATTACHMENTCENTER
GCATTACHMENTHORIZONTAL
GCATTACHMENTLINEDCENTER
GCATTACHMENTMIDDLE
GCATTACHMENTMIDDLEOFBOTTOM
GCATTACHMENTMIDDLEOFTOP
GCATTACHMENTPOINTBOTTOMCENTER
GCATTACHMENTPOINTBOTTOMLEFT
GCATTACHMENTPOINTBOTTOMRIGHT
GCATTACHMENTPOINTMIDDLECENTER
GCATTACHMENTPOINTMIDDLELEFT
GCATTACHMENTPOINTMIDDLERIGHT
GCATTACHMENTPOINTTOPCENTER
GCATTACHMENTPOINTTOPLEFT
GCATTACHMENTPOINTTOPRIGHT
GCATTACHMENTTOPOFTOP
GCATTACHMENTVERTICAL
GCATTRIBUTE
GCATTRIBUTEMODECONSTANT
GCATTRIBUTEMODEINVISIBLE
GCATTRIBUTEMODELOCKPOSITION
GCATTRIBUTEMODEMULTIPLELINE
GCATTRIBUTEMODENORMAL
GCATTRIBUTEMODEPRESET
GCATTRIBUTEMODEVERIFY
GCATTRIBUTEREFERENCE
GCBASEMENUGROUP
GCBESTFIT
GCBEZIERSURFACEMESH
GCBLOCKBOX
GCBLOCKCELL
GCBLOCKCIRCLE
GCBLOCKCONTENT
GCBLOCKHEXAGON
GCBLOCKIMPERIAL
GCBLOCKREFERENCE
GCBLOCKSLOT
GCBLOCKTRIANGLE
GCBLOCKUSERDEFINED
GCBLUE
GCBOTTOM
GCBOTTOMCENTER
GCBOTTOMLEFT
GCBOTTOMMASK
GCBOTTOMRIGHT
GCBOTTOMTOTOP
GCBUFFER
GCBYBLOCK
GCBYLAYER
GCBYSTYLE
GCCASTSANDRECEIVESSHADOWS
GCCASTSSHADOWS
GCCCW
GCCENTERALIGNMENT
GCCENTERLINE
GCCENTERMARK
GCCENTERNONE
GCCIRCLE
GCCOLORMETHODBYACI
GCCOLORMETHODBYBLOCK
GCCOLORMETHODBYLAYER
GCCOLORMETHODBYRGB
GCCOLORMETHODFOREGROUND
GCCONNECTBASE
GCCONNECTEXTENTS
GCCUBICSPLINE3DPOLY
GCCUBICSPLINEPOLY
GCCUBICSURFACEMESH
GCCW
GCCYAN
GCD
GCDATAROW
GCDATE
GCDECIMAL
GCDEFAULTUNITS
GCDEGREEMINUTESECONDS
GCDEGREES
GCDEGREES000
GCDEGREES090
GCDEGREES15
GCDEGREES180
GCDEGREES270
GCDEGREES30
GCDEGREES45
GCDEGREES60
GCDEGREES90
GCDEGREESANY
GCDEGREESHORZ
GCDEGREESUNKNOWN
GCDEMANDLOADCMDINVOKE
GCDEMANDLOADDISABLED
GCDEMANDLOADENABLED
GCDEMANDLOADENABLEDWITHCOPY
GCDEMANDLOADONOBJECTDETECT
GCDEMANLOADDISABLE
GCDGNUNDERLAY
GCDIAGONAL
GCDIM3POINTANGULAR
GCDIMALIGNED
GCDIMANGULAR
GCDIMARCHITECTURAL
GCDIMARCHITECTURALSTACKED
GCDIMARCLENGTH
GCDIMDECIMAL
GCDIMDIAMETRIC
GCDIMENGINEERING
GCDIMFRACTIONAL
GCDIMFRACTIONALSTACKED
GCDIMLARCHITECTURAL
GCDIMLDECIMAL
GCDIMLENGINEERING
GCDIMLFRACTIONAL
GCDIMLINEWITHTEXT
GCDIMLSCIENTIFIC
GCDIMLWINDOWSDESKTOP
GCDIMORDINATE
GCDIMPRECISIONEIGHT
GCDIMPRECISIONFIVE
GCDIMPRECISIONFOUR
GCDIMPRECISIONONE
GCDIMPRECISIONSEVEN
GCDIMPRECISIONSIX
GCDIMPRECISIONTHREE
GCDIMPRECISIONTWO
GCDIMPRECISIONZERO
GCDIMRADIAL
GCDIMRADIALLARGE
GCDIMROTATED
GCDIMSCIENTIFIC
GCDIMWINDOWSDESKTOP
GCDISPLAY
GCDISPLAYDCS
GCDISTANCE
GCDOUBLE
GCDRAWCONTENTFIRST
GCDRAWLEADERFIRST
GCDRAWLEADERHEADFIRST
GCDRAWLEADERTAILFIRST
GCDWFUNDERLAY
GCEDREPEATLASTCOMMAND
GCEDSCM
GCELLIPSE
GCENABLESCM
GCENABLESCMOPTIONS
GCENDSNORMAL
GCENGINEERING
GCENTER
GCET-VPROTATE
GCEXTENDBOTH
GCEXTENDNONE
GCEXTENDOTHERENTITY
GCEXTENDTHISENTITY
GCEXTENTS
GCEXTERNALREFERENCE
GCFIRSTEXTENSIONLINE
GCFIRSTNORMAL
GCFITCURVEPOLY
GCFONTBOLD
GCFONTBOLDITALIC
GCFONTITALIC
GCFONTREGULAR
GCFOREDITING
GCFOREXPRESSION
GCFRACTIONAL
GCFULLPREVIEW
GCGENERAL
GCGRADIENTOBJECT
GCGRADS
GCGREEN
GCGROUP
GCHATCH
GCHATCHLOOPTYPEDEFAULT
GCHATCHLOOPTYPEDERIVED
GCHATCHLOOPTYPEEXTERNAL
GCHATCHLOOPTYPEPOLYLINE
GCHATCHLOOPTYPETEXTBOX
GCHATCHOBJECT
GCHATCHPATTERNTYPECUSTOMDEFINED
GCHATCHPATTERNTYPEPREDEFINED
GCHATCHPATTERNTYPEUSERDEFINED
GCHATCHSTYLEIGNORE
GCHATCHSTYLENORMAL
GCHATCHSTYLEOUTER
GCHEADERROW
GCHEIGHT
GCHORIZONTAL
GCHORIZONTALALIGNMENTALIGNED
GCHORIZONTALALIGNMENTCENTER
GCHORIZONTALALIGNMENTFIT
GCHORIZONTALALIGNMENTLEFT
GCHORIZONTALALIGNMENTMIDDLE
GCHORIZONTALALIGNMENTRIGHT
GCHORIZONTALANGLE
GCHORZBOTTOM
GCHORZCENTERED
GCHORZINSIDE
GCHORZTOP
GCIGNOREMTEXTFORMAT
GCIGNORESHADOWS
GCINCHES
GCINSERTANGLE
GCINSERTUNITSANGSTROMS
GCINSERTUNITSASTRONOMICALUNITS
GCINSERTUNITSCENTIMETERS
GCINSERTUNITSDECAMETERS
GCINSERTUNITSDECIMETERS
GCINSERTUNITSFEET
GCINSERTUNITSGIGAMETERS
GCINSERTUNITSHECTOMETERS
GCINSERTUNITSINCHES
GCINSERTUNITSKILOMETERS
GCINSERTUNITSLIGHTYEARS
GCINSERTUNITSMETERS
GCINSERTUNITSMICROINCHES
GCINSERTUNITSMICRONS
GCINSERTUNITSMILES
GCINSERTUNITSMILLIMETERS
GCINSERTUNITSMILS
GCINSERTUNITSNANOMETERS
GCINSERTUNITSPARSECS
GCINSERTUNITSUNITLESS
GCINSERTUNITSYARDS
GCINTERSECTION
GCINVALIDGRIDLINE
GCINVISIBLELEADER
GCISOLINES
GCISOPARMS
GCJIS
GCKEYBOARDENTRY
GCKEYBOARDENTRYEXCEPTSCRIPTS
GCKEYBOARDRUNNINGOBJSNAP
GCLASTNORMAL
GCLAYOUT
GCLEADER
GCLEFTALIGNMENT
GCLEFTMASK
GCLEFTTORIGHT
GCLIMITS
GCLINE
GCLINENOARROW
GCLINESPACINGSTYLEATLEAST
GCLINESPACINGSTYLEEXACTLY
GCLINEWITHARROW
GCLNWT000
GCLNWT005
GCLNWT009
GCLNWT013
GCLNWT015
GCLNWT018
GCLNWT020
GCLNWT025
GCLNWT030
GCLNWT035
GCLNWT040
GCLNWT050
GCLNWT053
GCLNWT060
GCLNWT070
GCLNWT080
GCLNWT090
GCLNWT100
GCLNWT106
GCLNWT120
GCLNWT140
GCLNWT158
GCLNWT200
GCLNWT211
GCLNWTBYBLOCK
GCLNWTBYLAYER
GCLNWTBYLWDEFAULT
GCLONG
GCLSALL
GCLSCOLOR
GCLSFROZEN
GCLSLINETYPE
GCLSLINEWEIGHT
GCLSLOCKED
GCLSNEWVIEWPORT
GCLSNONE
GCLSON
GCLSPLOT
GCLSPLOTSTYLE
GCMAGENTA
GCMAX
GCMENUFILECOMPILED
GCMENUFILESOURCE
GCMENUITEM
GCMENUSEPARATOR
GCMENUSUBMENU
GCMERGECELLSTYLECONVERTDUPLICATESTOOVERRIDES
GCMERGECELLSTYLECOPYDUPLICATES
GCMERGECELLSTYLEIGNORENEWSTYLES
GCMERGECELLSTYLENONE
GCMERGECELLSTYLEOVERWRITEDUPLICATES
GCMIDDLECENTER
GCMIDDLELEFT
GCMIDDLERIGHT
GCMILLIMETERS
GCMIN
GCMINSERTBLOCK
GCMLEADER
GCMLINE
GCMODELSPACE
GCMOVETEXTADDLEADER
GCMOVETEXTNOLEADER
GCMTEXT
GCMTEXTCONTENT
GCNATIVE
GCNONECONTENT
GCNOOVERRIDES
GCNORM
GCNOTSTACKED
GCNOUNITS
GCNURBSURFACE
GCOBJECTID
GCOCS
GCOPQHIGHGRAPHICS
GCOPQLOWGRAPHICS
GCOPQMONOCHROME
GCOQGRAPHICS
GCOQHIGHPHOTO
GCOQLINEART
GCOQPHOTO
GCOQTEXT
GCOTEMBEDDED
GCOTLINK
GCOTSTATIC
GCOUTSIDE
GCOVERFIRSTEXTENSION
GCOVERSECONDEXTENSION
GCPAPERSPACE
GCPAPERSPACEDCS
GCPARSEOPTIONNONE
GCPARTIALMENUGROUP
GCPARTIALPREVIEW
GCPDFUNDERLAY
GCPENWIDTH013
GCPENWIDTH018
GCPENWIDTH025
GCPENWIDTH035
GCPENWIDTH050
GCPENWIDTH070
GCPENWIDTH100
GCPENWIDTH140
GCPENWIDTH200
GCPENWIDTHUNK
GCPIXELS
GCPOINT
GCPOINT2D
GCPOINT3D
GCPOLICYLEGACY
GCPOLICYNAMED
GCPOLYFACEMESH
GCPOLYLINE
GCPOLYLINELIGHT
GCPOLYMESH
GCPREDEFINEDGRADIENT
GCPREFERENCECLASSIC
GCPREFERENCECUSTOM
GCPRESERVEMTEXTFORMAT
GCPRINTERALERTONCE
GCPRINTERALWAYSALERT
GCPRINTERNEVERALERT
GCPRINTERNEVERALERTLOGONCE
GCPROXYBOUNDINGBOX
GCPROXYNOTSHOW
GCPROXYSHOW
GCPVIEWPORT
GCQUADSPLINE3DPOLY
GCQUADSPLINEPOLY
GCQUADSURFACEMESH
GCR09_DXF
GCR10_DXF
GCR12_DWG
GCR12_DXF
GCR13_DWG
GCR13_DXF
GCR14_DWG
GCR14_DXF
GCR15_DWG
GCR15_DXF
GCR15_TEMPLATE
GCR18_DWG
GCR18_DXF
GCR18_TEMPLATE
GCRADIANS
GCRASTER
GCRAY
GCRECEIVESSHADOWS
GCRED
GCREGION
GCREPEATLASTCOMMAND
GCRESBUF
GCRIGHTALIGNMENT
GCRIGHTMASK
GCRIGHTTOLEFT
GCRULED
GCSCALETOFIT
GCSCIENTIFIC
GCSCM
GCSECONDEXTENSIONLINE
GCSECTIONGENERATIONDESTINATIONFILE
GCSECTIONGENERATIONDESTINATIONNEWBLOCK
GCSECTIONGENERATIONDESTINATIONREPLGCEBLOCK
GCSECTIONGENERATIONSOURCEALLOBJECTS
GCSECTIONGENERATIONSOURCESELECTEDOBJECTS
GCSECTIONSTATE2BOUNDARY
GCSECTIONSTATE2PLANE
GCSECTIONSTATE2SLICE
GCSECTIONSTATE2VOLUME
GCSECTIONSTATEBOUNDARY
GCSECTIONSTATEPLANE
GCSECTIONSTATEVOLUME
GCSECTIONSUBITEMBACKLINE
GCSECTIONSUBITEMBACKLINEBOTTOM
GCSECTIONSUBITEMBACKLINETOP
GCSECTIONSUBITEMKNONE
GCSECTIONSUBITEMSECTIONLINE
GCSECTIONSUBITEMSECTIONLINEBOTTOM
GCSECTIONSUBITEMSECTIONLINETOP
GCSECTIONSUBITEMVERTICALLINEBOTTOM
GCSECTIONSUBITEMVERTICALLINETOP
GCSECTIONTYPE2DSECTION
GCSECTIONTYPE3DSECTION
GCSECTIONTYPELIVESECTION
GCSELECTIONSETALL
GCSELECTIONSETCROSSING
GCSELECTIONSETCROSSINGPOLYGON
GCSELECTIONSETFENCE
GCSELECTIONSETLAST
GCSELECTIONSETPREVIOUS
GCSELECTIONSETWINDOW
GCSELECTIONSETWINDOWPOLYGON
GCSETDEFAULTFORMAT
GCSHAPE
GCSIMPLE3DPOLY
GCSIMPLEMESH
GCSIMPLEPOLY
GCSMOOTH
GCSOLID
GCSPLINE
GCSPLINELEADER
GCSPLINENOARROW
GCSPLINEWITHARROW
GCSTRAIGHTLEADER
GCSTRING
GCSUBDMESH
GCSUBTRACTION
GCSYMABOVE
GCSYMINFRONT
GCSYMNONE
GCTABLE
GCTABLEBOTTOMTOTOP
GCTABLEFLOWDOWNORUP
GCTABLEFLOWLEFT
GCTABLEFLOWRIGHT
GCTABLESELECTCROSSING
GCTABLESELECTWINDOW
GCTABLETOPTOBOTTOM
GCTEXT
GCTEXTANDARROWS
GCTEXTCELL
GCTEXTFLAGBACKWARD
GCTEXTFLAGUPSIDEDOWN
GCTEXTONLY
GCTITLEROW
GCTOLBASIC
GCTOLBOTTOM
GCTOLDEVIATION
GCTOLERANCE
GCTOLLIMITS
GCTOLMIDDLE
GCTOLNONE
GCTOLSYMMETRICAL
GCTOLTOP
GCTOOLBARBUTTON
GCTOOLBARCONTROL
GCTOOLBARDOCKBOTTOM
GCTOOLBARDOCKLEFT
GCTOOLBARDOCKRIGHT
GCTOOLBARDOCKTOP
GCTOOLBARFLOATING
GCTOOLBARFLYOUT
GCTOOLBARSEPARATOR
GCTOP
GCTOPCENTER
GCTOPLEFT
GCTOPMASK
GCTOPRIGHT
GCTOPTOBOTTOM
GCTRACE
GCTURNHEIGHT
GCTURNS
GCUCS
GCUNDER
GCUNIFORM
GCUNION
GCUNITANGLE
GCUNITAREA
GCUNITDISTANCE
GCUNITLESS
GCUNITVOLUME
GCUNKNOWN
GCUNKNOWNCELL
GCUNKNOWNDATATYPE
GCUNKNOWNROW
GCUSEDRAFTANGLES
GCUSEMAXIMUMPRECISION
GCUSERDEFINEDGRADIENT
GCVERTCENTERED
GCVERTICALALIGNMENTBASELINE
GCVERTICALALIGNMENTBOTTOM
GCVERTICALALIGNMENTMIDDLE
GCVERTICALALIGNMENTTOP
GCVERTINSIDE
GCVERTLEFT
GCVERTRIGHT
GCVIEW
GCVIEWPORT2HORIZONTAL
GCVIEWPORT2VERTICAL
GCVIEWPORT3ABOVE
GCVIEWPORT3BELOW
GCVIEWPORT3HORIZONTAL
GCVIEWPORT3LEFT
GCVIEWPORT3RIGHT
GCVIEWPORT3VERTICAL
GCVIEWPORT4
GCVP1
GCVP10
GCVP100
GCVP100_1
GCVP10_1
GCVP11
GCVP12
GCVP13
GCVP14
GCVP15
GCVP16
GCVP17
GCVP18
GCVP19
GCVP1AND1_2IN_1FT
GCVP1FT_1FT
GCVP1IN_1FT
GCVP1_1
GCVP1_10
GCVP1_100
GCVP1_128IN_1FT
GCVP1_16
GCVP1_16IN_1FT
GCVP1_2
GCVP1_20
GCVP1_2IN_1FT
GCVP1_30
GCVP1_32IN_1FT
GCVP1_4
GCVP1_40
GCVP1_4IN_1FT
GCVP1_50
GCVP1_64IN_1FT
GCVP1_8
GCVP1_8IN_1FT
GCVP2
GCVP20
GCVP21
GCVP22
GCVP23
GCVP24
GCVP25
GCVP26
GCVP27
GCVP28
GCVP29
GCVP2_1
GCVP3
GCVP30
GCVP31
GCVP32
GCVP33
GCVP34
GCVP35
GCVP36
GCVP37
GCVP38
GCVP39
GCVP3IN_1FT
GCVP3_16IN_1FT
GCVP3_32IN_1FT
GCVP3_4IN_1FT
GCVP3_8IN_1FT
GCVP4
GCVP40
GCVP41
GCVP42
GCVP43
GCVP44
GCVP45
GCVP46
GCVP47
GCVP48
GCVP49
GCVP4_1
GCVP5
GCVP50
GCVP51
GCVP52
GCVP53
GCVP54
GCVP55
GCVP56
GCVP57
GCVP58
GCVP59
GCVP6
GCVP60
GCVP61
GCVP62
GCVP63
GCVP64
GCVP65
GCVP66
GCVP67
GCVP68
GCVP69
GCVP6IN_1FT
GCVP7
GCVP70
GCVP71
GCVP72
GCVP73
GCVP74
GCVP75
GCVP76
GCVP77
GCVP78
GCVP79
GCVP8
GCVP80
GCVP81
GCVP82
GCVP83
GCVP84
GCVP85
GCVP86
GCVP87
GCVP88
GCVP89
GCVP8_1
GCVP9
GCVP90
GCVP91
GCVP92
GCVP93
GCVP94
GCVP95
GCVP96
GCVP97
GCVP98
GCVP99
GCVPCUSTOMSCALE
GCVPSCALETOFIT
GCWHITE
GCWINDOW
GCWORLD
GCXLINE
GCYELLOW
GCZERO
GCZOOMSCALEDABSOLUTE
GCZOOMSCALEDRELATIVE
GCZOOMSCALEDRELATIVEPSPACE
GETANGLE
GETCFG
GETCNAME
GETCORNER
GETDIST
GETENV
GETFILED
GETINT
GETKWORD
GETORIENT
GETPOINT
GETREAL
GETSOURCEPNT
GETSTRING
GETTARGETPNT
GETURL
GETVAR
GET_ATTR
GET_TILE
GRAPHSCR
GRCLEAR
GRDRAW
GRREAD
GRTEXT
GRVECS
H
HANDENT
HELP
HELPFILE
I
IF
IMAGEFILE
IMPORT3DS
INDEX
INITCOMMANDVERSION
INITDIA
INITGET
INITSTRING
INNERCHECKVER
INP
INTERS
ISCONTINUE
ISDELORGENT
ISVPLOCKED
IS_LEAD_BYTE
IT
ITOA
J
JWWPOSTLOG
KCELLOPTIONNONE
KFORMATOPTIONNONE
KINHERITCELLFORMAT
L
LAMBDA
LAST
LAY
LAYERNAME
LAYERSTATE-ADDLAYERS
LAYERSTATE-COMPARE
LAYERSTATE-DELETE
LAYERSTATE-EXPORT
LAYERSTATE-GETLASTRESTORED
LAYERSTATE-GETLAYERS
LAYERSTATE-GETNAMES
LAYERSTATE-HAS
LAYERSTATE-IMPORT
LAYERSTATE-IMPORTFROMDB
LAYERSTATE-REMOVELAYERS
LAYERSTATE-RENAME
LAYERSTATE-RESTORE
LAYERSTATE-SAVE
LAYOUT
LAYOUTLIST
LAYOUTS
LEN
LENGTH
LISPED
LIST
LIST-ALL-SYMBOLS
LISTP
LI_DY
LOAD
LOADEDP
LOADGCADLSP
LOAD_DIALOG
LOAD_STD_3D
LOCKFALG
LOCKFLAG
LOG
LOG10
LOGAND
LOGIOR
LPAD
LS
LSH
M:ERR
MAPCAR
MAX
MAXLEN
MAXLEN2
MEM
MEMBER
MENUCMD
MENUGROUP
MIN
MINUSP
MODE_TILE
MSG
N
NAMEDOBJDICT
NATIVE_CMD
NA_BLOCK
NENTSEL
NENTSELP
NEW
NEWENTINFO
NEWVAL
NEW_DIALOG
NOM_CMD
NOT
NTH
NULL
NUM
NUMBERP
NUMSEG
OBJ
OCE
OLDCMD
OLDCMDNIL
OLDELEV
OLD_CMD
OLD_ERROR
OLD_HLT
OPEN
OPTION
OR
ORGENTLAYERNAME
ORI
OSMODE
OSMODEVAR
OSNAP
P00
P1
P12
P122
P2
P3
P4
PAIR
PARAM
PATH
PAUSE
PI
PL
PL-OBJ
PNT1
PNT2
PNT3
PNT4
PNTCOUNT
POLAR
PRIN1
PRINC
PRINT
PROGN
PROMP
PROMPT
PT
PT1
PT2
PT3
PT4
P_INS
P_L
P_R
QAPP
QUIT
QUOI
QUOTE
RAD
RBLIST
READ
READ-CHAR
READ-LINE
REDRAW
REGAPP
REM
RENDER
REPEAT
RESULT
REVERSE
RL
RPAD
RTN
RTOS
SAFEARRAY-VALUE
SAVEVAR
SCA
SEGCOUNT
SEGNPT
SET
SETCFG
SETENV
SETFUNHELP
SETQ
SETVAR
SETVIEW
SET_TILE
SIN
SLIDE_IMAGE
SNVALID
SQRT
SS
SS2
SSADD
SSDEL
SSGET
SSGETFIRST
SSLEN
SSLENGTH
SSMEMB
SSNAME
SSNAMEX
SSPT1
SSPT2
SSS
SSSETFIRST
SSURL
SS_ENT
STA
STARTAPP
START_DIALOG
START_IMAGE
START_LIST
STATE
STR
STR1
STR2
STRCASE
STRCAT
STRFILE
STRLEN
SUBCOUNT
SUBPARAM
SUBRBLIST
SUBST
SUBSTR
SYMNAM
T
TABLET
TABLET_GETBUTTON
TABLET_GETGRIDITEM
TABLET_SETBUTTON
TABLET_SETDEFAULTS
TABLET_SETGRIDITEM
TABLET_SETGRIDSIZE
TABLET_SETSCREENSIZE
TAN
TBLNEXT
TBLOBJNAME
TBLSEARCH
TERM_DIALOG
TERPRI
TEXTBOX
TEXTPAGE
TEXTSCR
TICKCOUNT
TIME
TMP1
TMP2
TMP3
TMPOLDVAL
TMPSTR
TMPSTR1
TMPSTR2
TMPVARNAME
TMPVARNEWVAL
TOPIC
TP
TR
TRACE
TRANS
TRIM
TYPE
T_MENU
UNDOIT
UNDO_INIT
UNLOAD_DIALOG
UNTRACE
URL
VAR
VARCOUNT
VARIANT-VALUE
VARLIST
VARNAME
VARS
VARVALUE
VECTOR_IMAGE
VER
VERIFY_ARXAPP_LOADED
VEX
VL-ACAD-DEFUN
VL-ACAD-UNDEFUN
VL-ARX-IMPORT
VL-BB-REF
VL-BB-SET
VL-BT
VL-CATCH-ALL-APPLY
VL-CATCH-ALL-ERROR-MESSAGE
VL-CATCH-ALL-ERROR-P
VL-CMDF
VL-CONSP
VL-DIRECTORY-FILES
VL-DOC-EXPORT
VL-DOC-IMPORT
VL-DOC-REF
VL-DOC-SET
VL-EVERY
VL-EXIT-WITH-ERROR
VL-EXIT-WITH-VALUE
VL-FILE-COPY
VL-FILE-DELETE
VL-FILE-DIRECTORY-P
VL-FILE-RENAME
VL-FILE-SIZE
VL-FILE-SYSTIME
VL-FILENAME-BASE
VL-FILENAME-DIRECTORY
VL-FILENAME-EXTENSION
VL-FILENAME-MKTEMP
VL-GET-RESOURCE
VL-LIST*
VL-LIST->STRING
VL-LIST-EXPORTED-FUNCTIONS
VL-LIST-LENGTH
VL-LIST-LOADED-VLX
VL-LOAD-ALL
VL-LOAD-COM
VL-LOAD-REACTORS
VL-MEMBER-IF
VL-MEMBER-IF-NOT
VL-MKDIR
VL-POSITION
VL-PRIN1-TO-STRING
VL-PRINC-TO-STRING
VL-PRODUCTINFO
VL-PROPAGATE
VL-REGISTRY-DELETE
VL-REGISTRY-DESCENDENTS
VL-REGISTRY-READ
VL-REGISTRY-WRITE
VL-REMOVE
VL-REMOVE-IF
VL-REMOVE-IF-NOT
VL-SOME
VL-SORT
VL-SORT-I
VL-STRING->LIST
VL-STRING-ELT
VL-STRING-LEFT-TRIM
VL-STRING-MISMATCH
VL-STRING-POSITION
VL-STRING-RIGHT-TRIM
VL-STRING-SEARCH
VL-STRING-SUBST
VL-STRING-TRANSLATE
VL-STRING-TRIM
VL-SYMBOL-NAME
VL-SYMBOL-VALUE
VL-SYMBOLP
VL-UNLOAD-VLX
VL-VBALOAD
VL-VBARUN
VL-VLX-LOADED-P
VLA-ACTIVATE
VLA-ADD
VLA-ADD3DFACE
VLA-ADD3DMESH
VLA-ADD3DPOLY
VLA-ADDARC
VLA-ADDATTRIBUTE
VLA-ADDBOX
VLA-ADDCIRCLE
VLA-ADDCONE
VLA-ADDCUSTOMINFO
VLA-ADDCUSTOMOBJECT
VLA-ADDCYLINDER
VLA-ADDDIM3POINTANGULAR
VLA-ADDDIMALIGNED
VLA-ADDDIMANGULAR
VLA-ADDDIMARC
VLA-ADDDIMDIAMETRIC
VLA-ADDDIMORDINATE
VLA-ADDDIMRADIAL
VLA-ADDDIMRADIALLARGE
VLA-ADDDIMROTATED
VLA-ADDELLIPSE
VLA-ADDELLIPTICALCONE
VLA-ADDELLIPTICALCYLINDER
VLA-ADDEXTRUDEDSOLID
VLA-ADDEXTRUDEDSOLIDALONGPATH
VLA-ADDFITPOINT
VLA-ADDHATCH
VLA-ADDITEMS
VLA-ADDLEADER
VLA-ADDLEADERLINE
VLA-ADDLEADERLINEEX
VLA-ADDLIGHTWEIGHTPOLYLINE
VLA-ADDLINE
VLA-ADDMENUITEM
VLA-ADDMINSERTBLOCK
VLA-ADDMLEADER
VLA-ADDMLINE
VLA-ADDMTEXT
VLA-ADDNAMEDITEM
VLA-ADDOBJECT
VLA-ADDPOINT
VLA-ADDPOLYFACEMESH
VLA-ADDPOLYLINE
VLA-ADDPVIEWPORT
VLA-ADDRASTER
VLA-ADDRAY
VLA-ADDREGION
VLA-ADDREVOLVEDSOLID
VLA-ADDSECTION
VLA-ADDSEPARATOR
VLA-ADDSHAPE
VLA-ADDSOLID
VLA-ADDSPHERE
VLA-ADDSPLINE
VLA-ADDSUBMENU
VLA-ADDTABLE
VLA-ADDTEXT
VLA-ADDTOLERANCE
VLA-ADDTOOLBARBUTTON
VLA-ADDTORUS
VLA-ADDTRACE
VLA-ADDVARIANT
VLA-ADDVERTEX
VLA-ADDWEDGE
VLA-ADDXLINE
VLA-ADDXRECORD
VLA-ANGLEFROMXAXIS
VLA-ANGLETOREAL
VLA-ANGLETOSTRING
VLA-APPACTIVATE
VLA-APPDEACTIVATE
VLA-APPENDINNERLOOP
VLA-APPENDITEMS
VLA-APPENDOUTERLOOP
VLA-APPENDVERTEX
VLA-ARRAYPOLAR
VLA-ARRAYRECTANGULAR
VLA-ARXLOADED
VLA-ARXUNLOADED
VLA-ATTACHEXTERNALREFERENCE
VLA-ATTACHTOOLBARTOFLYOUT
VLA-AUDITINFO
VLA-BEGINCLOSE
VLA-BEGINCOMMAND
VLA-BEGINDOCCLOSE
VLA-BEGINDOUBLECLICK
VLA-BEGINFILEDROP
VLA-BEGINLISP
VLA-BEGINMODAL
VLA-BEGINOPEN
VLA-BEGINPLOT
VLA-BEGINQUIT
VLA-BEGINRIGHTCLICK
VLA-BEGINSAVE
VLA-BIND
VLA-BINDDATABASE
VLA-BLOCK
VLA-BOOLEAN
VLA-CHECKINTERFERENCE
VLA-CLEAR
VLA-CLEARSUBSELECTION
VLA-CLEARTABLESTYLEOVERRIDES
VLA-CLIPBOUNDARY
VLA-CLOSE
VLA-CONVERTTOANONYMOUSBLOCK
VLA-CONVERTTOSTATICBLOCK
VLA-COPY
VLA-COPYFROM
VLA-COPYOBJECTS
VLA-COPYPROFILE
VLA-CREATE
VLA-CREATEENTRY
VLA-CREATEJOG
VLA-CREATETYPEDARRAY
VLA-DEACTIVATE
VLA-DELETE
VLA-DELETECELLCONTENT
VLA-DELETECOLUMNS
VLA-DELETECONFIGURATION
VLA-DELETEFITPOINT
VLA-DELETEPROFILE
VLA-DELETEROWS
VLA-DETACH
VLA-DISPLAY
VLA-DISPLAYPLOTPREVIEW
VLA-DISTANCETOREAL
VLA-DOCK
VLA-ELEVATEORDER
VLA-ENDCOMMAND
VLA-ENDLISP
VLA-ENDMODAL
VLA-ENDOPEN
VLA-ENDPLOT
VLA-ENDSAVE
VLA-ENDUNDOMARK
VLA-ERASE
VLA-EVAL
VLA-EVALUATE
VLA-EXPLODE
VLA-EXPORT
VLA-EXPORTPROFILE
VLA-FIELDCODE
VLA-FLOAT
VLA-FORMATVALUE
VLA-GENERATELAYOUT
VLA-GENERATESECTIONGEOMETRY
VLA-GENERATEUSAGEDATA
VLA-GET-ACTION
VLA-GET-ACTIVE
VLA-GET-ACTIVEDIMSTYLE
VLA-GET-ACTIVEDOCUMENT
VLA-GET-ACTIVELAYER
VLA-GET-ACTIVELAYOUT
VLA-GET-ACTIVELINETYPE
VLA-GET-ACTIVEMATERIAL
VLA-GET-ACTIVEPROFILE
VLA-GET-ACTIVEPVIEWPORT
VLA-GET-ACTIVESELECTIONSET
VLA-GET-ACTIVESPACE
VLA-GET-ACTIVETEXTSTYLE
VLA-GET-ACTIVEUCS
VLA-GET-ACTIVEVIEWPORT
VLA-GET-ADCINSERTUNITSDEFAULTSOURCE
VLA-GET-ADCINSERTUNITSDEFAULTTARGET
VLA-GET-ADDITIONALFORMAT
VLA-GET-ADJUSTFORBACKGROUND
VLA-GET-AFFECTSGRAPHICS
VLA-GET-ALGORITHM
VLA-GET-ALIGNITEMS
VLA-GET-ALIGNMENT
VLA-GET-ALIGNMENTPOINTACQUISITION
VLA-GET-ALIGNSPACE
VLA-GET-ALLOWEDVALUES
VLA-GET-ALLOWLONGSYMBOLNAMES
VLA-GET-ALLOWMANUALHEIGHTS
VLA-GET-ALLOWMANUALPOSITIONS
VLA-GET-ALTFONTFILE
VLA-GET-ALTROUNDDISTANCE
VLA-GET-ALTSUBUNITSFACTOR
VLA-GET-ALTSUBUNITSSUFFIX
VLA-GET-ALTSUPPRESSLEADINGZEROS
VLA-GET-ALTSUPPRESSTRAILINGZEROS
VLA-GET-ALTSUPPRESSZEROFEET
VLA-GET-ALTSUPPRESSZEROINCHES
VLA-GET-ALTTABLETMENUFILE
VLA-GET-ALTTEXTPREFIX
VLA-GET-ALTTEXTSUFFIX
VLA-GET-ALTTOLERANCEPRECISION
VLA-GET-ALTTOLERANCESUPPRESSLEADINGZEROS
VLA-GET-ALTTOLERANCESUPPRESSTRAILINGZEROS
VLA-GET-ALTTOLERANCESUPPRESSZEROFEET
VLA-GET-ALTTOLERANCESUPPRESSZEROINCHES
VLA-GET-ALTUNITS
VLA-GET-ALTUNITSFORMAT
VLA-GET-ALTUNITSPRECISION
VLA-GET-ALTUNITSSCALE
VLA-GET-ANGLE
VLA-GET-ANGLEBETWEENITEMS
VLA-GET-ANGLEFORMAT
VLA-GET-ANGLEVERTEX
VLA-GET-ANNOTATION
VLA-GET-ANNOTATIVE
VLA-GET-APPLICATION
VLA-GET-ARCENDPARAM
VLA-GET-ARCLENGTH
VLA-GET-ARCOFFSET
VLA-GET-ARCPOINT
VLA-GET-ARCSMOOTHNESS
VLA-GET-ARCSTARTPARAM
VLA-GET-AREA
VLA-GET-ARROWHEAD1BLOCK
VLA-GET-ARROWHEAD1TYPE
VLA-GET-ARROWHEAD2BLOCK
VLA-GET-ARROWHEAD2TYPE
VLA-GET-ARROWHEADBLOCK
VLA-GET-ARROWHEADSIZE
VLA-GET-ARROWHEADTYPE
VLA-GET-ARROWSIZE
VLA-GET-ARROWSYMBOL
VLA-GET-ASSOCIATIVEHATCH
VLA-GET-ATTACHMENTPOINT
VLA-GET-ATTENUATIONTYPE
VLA-GET-AUTHOR
VLA-GET-AUTOAUDIT
VLA-GET-AUTOMATICPLOTLOG
VLA-GET-AUTOSAVEINTERVAL
VLA-GET-AUTOSAVEPATH
VLA-GET-AUTOSNAPAPERTURE
VLA-GET-AUTOSNAPAPERTURESIZE
VLA-GET-AUTOSNAPMAGNET
VLA-GET-AUTOSNAPMARKER
VLA-GET-AUTOSNAPMARKERCOLOR
VLA-GET-AUTOSNAPMARKERSIZE
VLA-GET-AUTOSNAPTOOLTIP
VLA-GET-AUTOTRACKINGVECCOLOR
VLA-GET-AUTOTRACKTOOLTIP
VLA-GET-AXESANGLE
VLA-GET-AXISDIRECTION
VLA-GET-AXISPOSITION
VLA-GET-BACKGROUNDCOLOR
VLA-GET-BACKGROUNDFILL
VLA-GET-BACKGROUNDLINESCOLOR
VLA-GET-BACKGROUNDLINESHIDDENLINE
VLA-GET-BACKGROUNDLINESLAYER
VLA-GET-BACKGROUNDLINESLINETYPE
VLA-GET-BACKGROUNDLINESLINETYPESCALE
VLA-GET-BACKGROUNDLINESLINEWEIGHT
VLA-GET-BACKGROUNDLINESPLOTSTYLENAME
VLA-GET-BACKGROUNDLINESVISIBLE
VLA-GET-BACKPLANE
VLA-GET-BACKWARD
VLA-GET-BANK
VLA-GET-BASEPOINT
VLA-GET-BASERADIUS
VLA-GET-BATCHPLOTPROGRESS
VLA-GET-BEEPONERROR
VLA-GET-BIGFONTFILE
VLA-GET-BITFLAGS
VLA-GET-BLOCK
VLA-GET-BLOCKAUTOFIT
VLA-GET-BLOCKCOLOR
VLA-GET-BLOCKCONNECTIONTYPE
VLA-GET-BLOCKNAME
VLA-GET-BLOCKROTATION
VLA-GET-BLOCKS
VLA-GET-BLOCKSCALE
VLA-GET-BLOCKSCALING
VLA-GET-BLOCKSINCELL
VLA-GET-BLUE
VLA-GET-BOOKNAME
VLA-GET-BOTTOMHEIGHT
VLA-GET-BREAKSENABLED
VLA-GET-BREAKSIZE
VLA-GET-BREAKSPACING
VLA-GET-BRIGHTNESS
VLA-GET-CANONICALMEDIANAME
VLA-GET-CAPTION
VLA-GET-CATEGORYNAME
VLA-GET-CELLALIGNMENT
VLA-GET-CELLBACKGROUNDFILL
VLA-GET-CELLBORDERCOLOR
VLA-GET-CELLBORDERLINETYPE
VLA-GET-CELLBORDERLINEWEIGHT
VLA-GET-CELLCONTENTS
VLA-GET-CELLDATALINK
VLA-GET-CELLDATATYPE
VLA-GET-CELLHEIGHT
VLA-GET-CELLLAYOUT
VLA-GET-CELLLOCKING
VLA-GET-CELLSTYLE
VLA-GET-CELLTEXTCOLOR
VLA-GET-CELLTEXTHEIGHT
VLA-GET-CELLTEXTROTATION
VLA-GET-CELLTEXTSTYLE
VLA-GET-CELLTYPE
VLA-GET-CELLWIDTH
VLA-GET-CENTER
VLA-GET-CENTERMARKSIZE
VLA-GET-CENTERPLOT
VLA-GET-CENTERPOINT
VLA-GET-CENTERTYPE
VLA-GET-CENTROID
VLA-GET-CHARSPACING
VLA-GET-CHECK
VLA-GET-CHORDPOINT
VLA-GET-CIRCUMFERENCE
VLA-GET-CLIPPED
VLA-GET-CLIPPING
VLA-GET-CLIPPINGENABLED
VLA-GET-CLOSED
VLA-GET-CLOSED2
VLA-GET-COLOR
VLA-GET-COLORBOOKPATH
VLA-GET-COLORINDEX
VLA-GET-COLORMETHOD
VLA-GET-COLORNAME
VLA-GET-COLUMNCOUNT
VLA-GET-COLUMNS
VLA-GET-COLUMNSPACING
VLA-GET-COLUMNSTYLE
VLA-GET-COMMANDDISPLAYNAME
VLA-GET-COMMENT
VLA-GET-COMMENTS
VLA-GET-CONFIGFILE
VLA-GET-CONFIGNAME
VLA-GET-CONSTANT
VLA-GET-CONSTANTWIDTH
VLA-GET-CONSTRAIN
VLA-GET-CONTENTBLOCKNAME
VLA-GET-CONTENTBLOCKTYPE
VLA-GET-CONTENTS
VLA-GET-CONTENTTYPE
VLA-GET-CONTINUOUSPLOTLOG
VLA-GET-CONTOURLINESPERSURFACE
VLA-GET-CONTRAST
VLA-GET-CONTROLPOINTS
VLA-GET-COORDINATE
VLA-GET-COORDINATES
VLA-GET-COUNT
VLA-GET-CREATEBACKUP
VLA-GET-CURRENTSECTIONTYPE
VLA-GET-CURSORSIZE
VLA-GET-CURVETANGENCYLINESCOLOR
VLA-GET-CURVETANGENCYLINESLAYER
VLA-GET-CURVETANGENCYLINESLINETYPE
VLA-GET-CURVETANGENCYLINESLINETYPESCALE
VLA-GET-CURVETANGENCYLINESLINEWEIGHT
VLA-GET-CURVETANGENCYLINESPLOTSTYLENAME
VLA-GET-CURVETANGENCYLINESVISIBLE
VLA-GET-CUSTOMDICTIONARY
VLA-GET-CUSTOMICONPATH
VLA-GET-CUSTOMSCALE
VLA-GET-DATABASE
VLA-GET-DECIMALSEPARATOR
VLA-GET-DEFAULTINTERNETURL
VLA-GET-DEFAULTOUTPUTDEVICE
VLA-GET-DEFAULTPLOTSTYLEFORLAYER
VLA-GET-DEFAULTPLOTSTYLEFOROBJECTS
VLA-GET-DEFAULTPLOTSTYLETABLE
VLA-GET-DEFAULTPLOTTOFILEPATH
VLA-GET-DEGREE
VLA-GET-DELTA
VLA-GET-DEMANDLOADARXAPP
VLA-GET-DESCRIPTION
VLA-GET-DESTINATIONBLOCK
VLA-GET-DESTINATIONFILE
VLA-GET-DIAMETER
VLA-GET-DICTIONARIES
VLA-GET-DIMCONSTRDESC
VLA-GET-DIMCONSTREXPRESSION
VLA-GET-DIMCONSTRFORM
VLA-GET-DIMCONSTRNAME
VLA-GET-DIMCONSTRREFERENCE
VLA-GET-DIMCONSTRVALUE
VLA-GET-DIMENSIONLINECOLOR
VLA-GET-DIMENSIONLINEEXTEND
VLA-GET-DIMENSIONLINETYPE
VLA-GET-DIMENSIONLINEWEIGHT
VLA-GET-DIMLINE1SUPPRESS
VLA-GET-DIMLINE2SUPPRESS
VLA-GET-DIMLINEINSIDE
VLA-GET-DIMLINESUPPRESS
VLA-GET-DIMSTYLES
VLA-GET-DIMTXTDIRECTION
VLA-GET-DIRECTION
VLA-GET-DIRECTIONVECTOR
VLA-GET-DISPLAY
VLA-GET-DISPLAYGRIPS
VLA-GET-DISPLAYGRIPSWITHINBLOCKS
VLA-GET-DISPLAYLAYOUTTABS
VLA-GET-DISPLAYLOCKED
VLA-GET-DISPLAYOLESCALE
VLA-GET-DISPLAYSCREENMENU
VLA-GET-DISPLAYSCROLLBARS
VLA-GET-DISPLAYSILHOUETTE
VLA-GET-DOCKEDVISIBLELINES
VLA-GET-DOCKSTATUS
VLA-GET-DOCUMENT
VLA-GET-DOCUMENTS
VLA-GET-DOGLEGGED
VLA-GET-DOGLEGLENGTH
VLA-GET-DRAFTING
VLA-GET-DRAWINGDIRECTION
VLA-GET-DRAWLEADERORDERTYPE
VLA-GET-DRAWMLEADERORDERTYPE
VLA-GET-DRIVERSPATH
VLA-GET-DWFFORMAT
VLA-GET-EFFECTIVENAME
VLA-GET-ELEVATION
VLA-GET-ELEVATIONMODELSPACE
VLA-GET-ELEVATIONPAPERSPACE
VLA-GET-ENABLE
VLA-GET-ENABLEBLOCKROTATION
VLA-GET-ENABLEBLOCKSCALE
VLA-GET-ENABLEDOGLEG
VLA-GET-ENABLEFRAMETEXT
VLA-GET-ENABLELANDING
VLA-GET-ENABLESHADOWDISPLAY
VLA-GET-ENABLESTARTUPDIALOG
VLA-GET-ENDANGLE
VLA-GET-ENDDRAFTANGLE
VLA-GET-ENDDRAFTMAGNITUDE
VLA-GET-ENDLIMIT
VLA-GET-ENDOFFSET
VLA-GET-ENDPARAMETER
VLA-GET-ENDPOINT
VLA-GET-ENDSUBMENULEVEL
VLA-GET-ENDTANGENT
VLA-GET-ENTERPRISEMENUFILE
VLA-GET-ENTITYCOLOR
VLA-GET-ENTITYNAME
VLA-GET-ENTITYTRANSPARENCY
VLA-GET-ENTITYTYPE
VLA-GET-EXPLODABLE
VLA-GET-EXTENSIONLINECOLOR
VLA-GET-EXTENSIONLINEEXTEND
VLA-GET-EXTENSIONLINEOFFSET
VLA-GET-EXTENSIONLINEWEIGHT
VLA-GET-EXTLINE1ENDPOINT
VLA-GET-EXTLINE1LINETYPE
VLA-GET-EXTLINE1POINT
VLA-GET-EXTLINE1STARTPOINT
VLA-GET-EXTLINE1SUPPRESS
VLA-GET-EXTLINE2ENDPOINT
VLA-GET-EXTLINE2LINETYPE
VLA-GET-EXTLINE2POINT
VLA-GET-EXTLINE2STARTPOINT
VLA-GET-EXTLINE2SUPPRESS
VLA-GET-EXTLINEFIXEDLEN
VLA-GET-EXTLINEFIXEDLENSUPPRESS
VLA-GET-FACECOUNT
VLA-GET-FADE
VLA-GET-FALLOFF
VLA-GET-FEATURE
VLA-GET-FIELDLENGTH
VLA-GET-FIELDOFVIEW
VLA-GET-FILE
VLA-GET-FILEDEPENDENCIES
VLA-GET-FILENAME
VLA-GET-FILES
VLA-GET-FILESIZE
VLA-GET-FILLANGLE
VLA-GET-FILLPATH
VLA-GET-FINGERPRINTGUID
VLA-GET-FIRSTSEGMENTANGLECONSTRAINT
VLA-GET-FIT
VLA-GET-FITPOINTS
VLA-GET-FITTOLERANCE
VLA-GET-FLOATINGROWS
VLA-GET-FLOWDIRECTION
VLA-GET-FLYOUT
VLA-GET-FONTFILE
VLA-GET-FONTFILEMAP
VLA-GET-FORCELINEINSIDE
VLA-GET-FOREGROUNDLINESCOLOR
VLA-GET-FOREGROUNDLINESEDGETRANSPARENCY
VLA-GET-FOREGROUNDLINESFACETRANSPARENCY
VLA-GET-FOREGROUNDLINESHIDDENLINE
VLA-GET-FOREGROUNDLINESLAYER
VLA-GET-FOREGROUNDLINESLINETYPE
VLA-GET-FOREGROUNDLINESLINETYPESCALE
VLA-GET-FOREGROUNDLINESLINEWEIGHT
VLA-GET-FOREGROUNDLINESPLOTSTYLENAME
VLA-GET-FOREGROUNDLINESVISIBLE
VLA-GET-FORMAT
VLA-GET-FOUNDPATH
VLA-GET-FRACTIONFORMAT
VLA-GET-FRAMEHEIGHT
VLA-GET-FRAMEWIDTH
VLA-GET-FREEZE
VLA-GET-FROMVECTOR
VLA-GET-FRONTPLANE
VLA-GET-FULLCRCVALIDATION
VLA-GET-FULLFILENAME
VLA-GET-FULLNAME
VLA-GET-FULLSCREENTRACKINGVECTOR
VLA-GET-GENERATIONOPTIONS
VLA-GET-GLYPHDISPLAY
VLA-GET-GRADIENTANGLE
VLA-GET-GRADIENTCENTERED
VLA-GET-GRADIENTCOLOR1
VLA-GET-GRADIENTCOLOR2
VLA-GET-GRADIENTNAME
VLA-GET-GRAPHICSWINLAYOUTBACKGRNDCOLOR
VLA-GET-GRAPHICSWINMODELBACKGRNDCOLOR
VLA-GET-GREEN
VLA-GET-GRIDON
VLA-GET-GRIPCOLORSELECTED
VLA-GET-GRIPCOLORUNSELECTED
VLA-GET-GRIPSIZE
VLA-GET-GROUPS
VLA-GET-HANDLE
VLA-GET-HASATTRIBUTES
VLA-GET-HASEXTENSIONDICTIONARY
VLA-GET-HASLEADER
VLA-GET-HASSHEETVIEW
VLA-GET-HASSUBSELECTION
VLA-GET-HASTARGET
VLA-GET-HASVPASSOCIATION
VLA-GET-HATCHOBJECTTYPE
VLA-GET-HATCHSTYLE
VLA-GET-HEADERSUPPRESSED
VLA-GET-HEIGHT
VLA-GET-HELPFILEPATH
VLA-GET-HELPSTRING
VLA-GET-HISTORY
VLA-GET-HISTORYLINES
VLA-GET-HORIZONTALALIGNMENT
VLA-GET-HORIZONTALCELLMARGIN
VLA-GET-HORIZONTALTEXTPOSITION
VLA-GET-HORZCELLMARGIN
VLA-GET-HOTSPOT
VLA-GET-HWND
VLA-GET-HWND32
VLA-GET-HYPERLINKBASE
VLA-GET-HYPERLINKDISPLAYCURSOR
VLA-GET-HYPERLINKDISPLAYTOOLTIP
VLA-GET-HYPERLINKS
VLA-GET-ILLUMINANCEDISTANCE
VLA-GET-IMAGEFILE
VLA-GET-IMAGEFRAMEHIGHLIGHT
VLA-GET-IMAGEHEIGHT
VLA-GET-IMAGEVISIBILITY
VLA-GET-IMAGEWIDTH
VLA-GET-INCREMENTALSAVEPERCENT
VLA-GET-INDEX
VLA-GET-INDICATORFILLCOLOR
VLA-GET-INDICATORTRANSPARENCY
VLA-GET-INSERTIONPOINT
VLA-GET-INSUNITS
VLA-GET-INSUNITSFACTOR
VLA-GET-INTENSITY
VLA-GET-INTERSECTIONBOUNDARYCOLOR
VLA-GET-INTERSECTIONBOUNDARYDIVISIONLINES
VLA-GET-INTERSECTIONBOUNDARYLAYER
VLA-GET-INTERSECTIONBOUNDARYLINETYPE
VLA-GET-INTERSECTIONBOUNDARYLINETYPESCALE
VLA-GET-INTERSECTIONBOUNDARYLINEWEIGHT
VLA-GET-INTERSECTIONBOUNDARYPLOTSTYLENAME
VLA-GET-INTERSECTIONFILLCOLOR
VLA-GET-INTERSECTIONFILLFACETRANSPARENCY
VLA-GET-INTERSECTIONFILLHATCHANGLE
VLA-GET-INTERSECTIONFILLHATCHPATTERNNAME
VLA-GET-INTERSECTIONFILLHATCHPATTERNTYPE
VLA-GET-INTERSECTIONFILLHATCHSCALE
VLA-GET-INTERSECTIONFILLHATCHSPACING
VLA-GET-INTERSECTIONFILLLAYER
VLA-GET-INTERSECTIONFILLLINETYPE
VLA-GET-INTERSECTIONFILLLINETYPESCALE
VLA-GET-INTERSECTIONFILLLINEWEIGHT
VLA-GET-INTERSECTIONFILLPLOTSTYLENAME
VLA-GET-INTERSECTIONFILLVISIBLE
VLA-GET-INVISIBLE
VLA-GET-ISCLONED
VLA-GET-ISDYNAMICBLOCK
VLA-GET-ISLAYOUT
VLA-GET-ISMODIFIED
VLA-GET-ISOPENWIDTH
VLA-GET-ISOWNERXLATED
VLA-GET-ISPARTIAL
VLA-GET-ISPERIODIC
VLA-GET-ISPLANAR
VLA-GET-ISPLOTABLE
VLA-GET-ISPRIMARY
VLA-GET-ISQUIESCENT
VLA-GET-ISRATIONAL
VLA-GET-ISSUER
VLA-GET-ISXREF
VLA-GET-ITEMCOUNT
VLA-GET-ITEMNAME
VLA-GET-ITEMSPACING
VLA-GET-JOGANGLE
VLA-GET-JOGLOCATION
VLA-GET-JUSTIFICATION
VLA-GET-KEY
VLA-GET-KEY32
VLA-GET-KEYBOARDACCELERATOR
VLA-GET-KEYBOARDPRIORITY
VLA-GET-KEYLENGTH
VLA-GET-KEYWORDS
VLA-GET-KNOTS
VLA-GET-LABEL
VLA-GET-LABELBLOCKID
VLA-GET-LABELBLOCKID32
VLA-GET-LAMPCOLOR
VLA-GET-LAMPINTENSITY
VLA-GET-LANDINGGAP
VLA-GET-LARGEBUTTONS
VLA-GET-LASTHEIGHT
VLA-GET-LASTSAVEDBY
VLA-GET-LAYER
VLA-GET-LAYERON
VLA-GET-LAYERPROPERTYOVERRIDES
VLA-GET-LAYERS
VLA-GET-LAYERSTATE
VLA-GET-LAYOUT
VLA-GET-LAYOUTCREATEVIEWPORT
VLA-GET-LAYOUTCROSSHAIRCOLOR
VLA-GET-LAYOUTDISPLAYMARGINS
VLA-GET-LAYOUTDISPLAYPAPER
VLA-GET-LAYOUTDISPLAYPAPERSHADOW
VLA-GET-LAYOUTID
VLA-GET-LAYOUTID32
VLA-GET-LAYOUTS
VLA-GET-LAYOUTSHOWPLOTSETUP
VLA-GET-LCOLOR
VLA-GET-LEADER1POINT
VLA-GET-LEADER2POINT
VLA-GET-LEADERCOUNT
VLA-GET-LEADERLINECOLOR
VLA-GET-LEADERLINETYPE
VLA-GET-LEADERLINETYPEID
VLA-GET-LEADERLINEWEIGHT
VLA-GET-LEADERTYPE
VLA-GET-LEFT
VLA-GET-LEFTOFFSET
VLA-GET-LENGTH
VLA-GET-LENSLENGTH
VLA-GET-LEVELCOUNT
VLA-GET-LEVELSPACING
VLA-GET-LICENSESERVER
VLA-GET-LIGHTTYPE
VLA-GET-LIMITS
VLA-GET-LINEARSCALEFACTOR
VLA-GET-LINESPACINGDISTANCE
VLA-GET-LINESPACINGFACTOR
VLA-GET-LINESPACINGSTYLE
VLA-GET-LINETYPE
VLA-GET-LINETYPEGENERATION
VLA-GET-LINETYPES
VLA-GET-LINETYPESCALE
VLA-GET-LINEWEIGHT
VLA-GET-LINEWEIGHTDISPLAY
VLA-GET-LIVESECTIONENABLED
VLA-GET-LOADGCADLSPINALLDOCUMENTS
VLA-GET-LOCALEID
VLA-GET-LOCATION
VLA-GET-LOCK
VLA-GET-LOCKASPECTRATIO
VLA-GET-LOCKPOSITION
VLA-GET-LOGFILEON
VLA-GET-LOGFILEPATH
VLA-GET-LOWERLEFTCORNER
VLA-GET-MACRO
VLA-GET-MAINDICTIONARY
VLA-GET-MAINTAINASSOCIATIVITY
VLA-GET-MAJORAXIS
VLA-GET-MAJORRADIUS
VLA-GET-MAPSIZE
VLA-GET-MASK
VLA-GET-MATERIAL
VLA-GET-MATERIALS
VLA-GET-MAXACTIVEVIEWPORTS
VLA-GET-MAXAUTOCADWINDOW
VLA-GET-MAXLEADERSEGMENTSPOINTS
VLA-GET-MCLOSE
VLA-GET-MDENSITY
VLA-GET-MEASUREMENT
VLA-GET-MENUBAR
VLA-GET-MENUFILE
VLA-GET-MENUFILENAME
VLA-GET-MENUGROUPS
VLA-GET-MENUS
VLA-GET-METHOD
VLA-GET-MINIMUMTABLEHEIGHT
VLA-GET-MINIMUMTABLEWIDTH
VLA-GET-MINORAXIS
VLA-GET-MINORRADIUS
VLA-GET-MLINESCALE
VLA-GET-MODE
VLA-GET-MODELCROSSHAIRCOLOR
VLA-GET-MODELSPACE
VLA-GET-MODELTYPE
VLA-GET-MODELVIEW
VLA-GET-MOMENTOFINERTIA
VLA-GET-MONOCHROME
VLA-GET-MRUNUMBER
VLA-GET-MSPACE
VLA-GET-MTEXTATTRIBUTE
VLA-GET-MTEXTATTRIBUTECONTENT
VLA-GET-MTEXTBOUNDARYWIDTH
VLA-GET-MTEXTDRAWINGDIRECTION
VLA-GET-MVERTEXCOUNT
VLA-GET-NAME
VLA-GET-NAMENOMNEMONIC
VLA-GET-NCLOSE
VLA-GET-NDENSITY
VLA-GET-NORMAL
VLA-GET-NUMBEROFCONTROLPOINTS
VLA-GET-NUMBEROFCOPIES
VLA-GET-NUMBEROFFACES
VLA-GET-NUMBEROFFITPOINTS
VLA-GET-NUMBEROFLOOPS
VLA-GET-NUMBEROFVERTICES
VLA-GET-NUMCROSSSECTIONS
VLA-GET-NUMGUIDEPATHS
VLA-GET-NUMVERTICES
VLA-GET-NVERTEXCOUNT
VLA-GET-OBJECTARXPATH
VLA-GET-OBJECTID
VLA-GET-OBJECTID32
VLA-GET-OBJECTNAME
VLA-GET-OBJECTSNAPMODE
VLA-GET-OBJECTSORTBYPLOTTING
VLA-GET-OBJECTSORTBYPSOUTPUT
VLA-GET-OBJECTSORTBYREDRAWS
VLA-GET-OBJECTSORTBYREGENS
VLA-GET-OBJECTSORTBYSELECTION
VLA-GET-OBJECTSORTBYSNAP
VLA-GET-OBLIQUEANGLE
VLA-GET-OLEITEMTYPE
VLA-GET-OLELAUNCH
VLA-GET-OLEPLOTQUALITY
VLA-GET-OLEQUALITY
VLA-GET-OLESOURCEAPP
VLA-GET-ONMENUBAR
VLA-GET-OPENSAVE
VLA-GET-ORIGIN
VLA-GET-ORTHOON
VLA-GET-OUTPUT
VLA-GET-OVERRIDECENTER
VLA-GET-OVERWRITEPROPCHANGED
VLA-GET-OWNERID
VLA-GET-OWNERID32
VLA-GET-PAGESETUPOVERRIDESTEMPLATEFILE
VLA-GET-PAPERSPACE
VLA-GET-PAPERUNITS
VLA-GET-PARENT
VLA-GET-PASSWORD
VLA-GET-PATH
VLA-GET-PATTERNANGLE
VLA-GET-PATTERNDOUBLE
VLA-GET-PATTERNNAME
VLA-GET-PATTERNSCALE
VLA-GET-PATTERNSPACE
VLA-GET-PATTERNTYPE
VLA-GET-PERIMETER
VLA-GET-PICKADD
VLA-GET-PICKAUTO
VLA-GET-PICKBOXSIZE
VLA-GET-PICKDRAG
VLA-GET-PICKFIRST
VLA-GET-PICKFIRSTSELECTIONSET
VLA-GET-PICKGROUP
VLA-GET-PLOT
VLA-GET-PLOTCONFIGURATIONS
VLA-GET-PLOTGLYPH
VLA-GET-PLOTHIDDEN
VLA-GET-PLOTLEGACY
VLA-GET-PLOTLOGFILEPATH
VLA-GET-PLOTORIGIN
VLA-GET-PLOTPOLICY
VLA-GET-PLOTROTATION
VLA-GET-PLOTSTYLENAME
VLA-GET-PLOTTABLE
VLA-GET-PLOTTYPE
VLA-GET-PLOTVIEWPORTBORDERS
VLA-GET-PLOTVIEWPORTSFIRST
VLA-GET-PLOTWITHLINEWEIGHTS
VLA-GET-PLOTWITHPLOTSTYLES
VLA-GET-POLARTRACKINGVECTOR
VLA-GET-POSITION
VLA-GET-POSTSCRIPTPROLOGFILE
VLA-GET-PREFERENCES
VLA-GET-PRESET
VLA-GET-PRESITION
VLA-GET-PRIMARYUNITSPRECISION
VLA-GET-PRINCIPALDIRECTIONS
VLA-GET-PRINCIPALMOMENTS
VLA-GET-PRINTERCONFIGPATH
VLA-GET-PRINTERDESCPATH
VLA-GET-PRINTERPAPERSIZEALERT
VLA-GET-PRINTERSPOOLALERT
VLA-GET-PRINTERSTYLESHEETPATH
VLA-GET-PRINTFILE
VLA-GET-PRINTSPOOLERPATH
VLA-GET-PRINTSPOOLEXECUTABLE
VLA-GET-PRODUCTOFINERTIA
VLA-GET-PROFILEROTATION
VLA-GET-PROFILES
VLA-GET-PROMPTSTRING
VLA-GET-PROPERTYNAME
VLA-GET-PROVIDERNAME
VLA-GET-PROVIDERTYPE
VLA-GET-PROXYIMAGE
VLA-GET-QNEWTEMPLATEFILE
VLA-GET-QUIETERRORMODE
VLA-GET-RADIIOFGYRATION
VLA-GET-RADIUS
VLA-GET-RADIUSRATIO
VLA-GET-READONLY
VLA-GET-RED
VLA-GET-REFERENCECOUNT
VLA-GET-REGENERATETABLESUPPRESSED
VLA-GET-REGISTEREDAPPLICATIONS
VLA-GET-REMOVEHIDDENLINES
VLA-GET-RENDERSMOOTHNESS
VLA-GET-REPEATBOTTOMLABELS
VLA-GET-REPEATTOPLABELS
VLA-GET-RESULTCOLOR
VLA-GET-RESULTINTENSITY
VLA-GET-REVISIONNUMBER
VLA-GET-REVOLUTIONANGLE
VLA-GET-RIGHTOFFSET
VLA-GET-ROLLANGLE
VLA-GET-ROTATEITEMS
VLA-GET-ROTATION
VLA-GET-ROUNDDISTANCE
VLA-GET-ROWCOUNT
VLA-GET-ROWELEVATION
VLA-GET-ROWS
VLA-GET-ROWSPACING
VLA-GET-ROWSTYLE
VLA-GET-SAVEASTYPE
VLA-GET-SAVED
VLA-GET-SAVEPREVIEWTHUMBNAIL
VLA-GET-SCALE
VLA-GET-SCALEFACTOR
VLA-GET-SCALEHEIGHT
VLA-GET-SCALELINEWEIGHTS
VLA-GET-SCALEWIDTH
VLA-GET-SCMCOMMANDMODE
VLA-GET-SCMDEFAULTMODE
VLA-GET-SCMEDITMODE
VLA-GET-SCMTIMEMODE
VLA-GET-SCMTIMEVALUE
VLA-GET-SECONDPOINT
VLA-GET-SECONDSEGMENTANGLECONSTRAINT
VLA-GET-SECTIONMANAGER
VLA-GET-SECTIONPLANEOFFSET
VLA-GET-SEGMENTPERPOLYLINE
VLA-GET-SELECTION
VLA-GET-SELECTIONSETS
VLA-GET-SERIALNUMBER
VLA-GET-SETTINGS
VLA-GET-SHADEPLOT
VLA-GET-SHADOWDISPLAY
VLA-GET-SHADOWLENGTH
VLA-GET-SHADOWRADIUS
VLA-GET-SHADOWS
VLA-GET-SHADOWSAMPLES
VLA-GET-SHADOWSHAPE
VLA-GET-SHADOWTYPE
VLA-GET-SHADOWVISIBLE
VLA-GET-SHADOWWIDTH
VLA-GET-SHEETVIEW
VLA-GET-SHORTCUTMENU
VLA-GET-SHORTCUTMENUDISPLAY
VLA-GET-SHOW
VLA-GET-SHOWASSOCIATIVITY
VLA-GET-SHOWHISTORY
VLA-GET-SHOWPLOTSTYLES
VLA-GET-SHOWPROXYDIALOGBOX
VLA-GET-SHOWRASTERIMAGE
VLA-GET-SHOWROTATION
VLA-GET-SHOWWARNINGMESSAGES
VLA-GET-SINGLEDOCUMENTMODE
VLA-GET-SLICEDEPTH
VLA-GET-SMOOTHNESS
VLA-GET-SNAPBASEPOINT
VLA-GET-SNAPON
VLA-GET-SNAPROTATIONANGLE
VLA-GET-SOFTNESS
VLA-GET-SOLIDFILL
VLA-GET-SOLIDTYPE
VLA-GET-SOURCEOBJECTS
VLA-GET-SOURCEVECTORX
VLA-GET-SOURCEVECTORY
VLA-GET-SOURCEVECTORZ
VLA-GET-STANDARDSCALE
VLA-GET-STANDARDSCALE2
VLA-GET-STARTANGLE
VLA-GET-STARTDRAFTANGLE
VLA-GET-STARTDRAFTMAGNITUDE
VLA-GET-STARTLIMIT
VLA-GET-STARTOFFSET
VLA-GET-STARTPARAMETER
VLA-GET-STARTPOINT
VLA-GET-STARTTANGENT
VLA-GET-STATE
VLA-GET-STATE2
VLA-GET-STATUS
VLA-GET-STATUSID
VLA-GET-STORESQLINDEX
VLA-GET-STYLENAME
VLA-GET-STYLESHEET
VLA-GET-SUBJECT
VLA-GET-SUBMENU
VLA-GET-SUBUNITSFACTOR
VLA-GET-SUBUNITSSUFFIX
VLA-GET-SUMMARYINFO
VLA-GET-SUPPORTPATH
VLA-GET-SUPPRESSLEADINGZEROS
VLA-GET-SUPPRESSTRAILINGZEROS
VLA-GET-SUPPRESSZEROFEET
VLA-GET-SUPPRESSZEROINCHES
VLA-GET-SURFACENORMALS
VLA-GET-SURFACETYPE
VLA-GET-SYMBOLPOSITION
VLA-GET-SYSTEM
VLA-GET-TABLEBREAKFLOWDIRECTION
VLA-GET-TABLEBREAKHEIGHT
VLA-GET-TABLESREADONLY
VLA-GET-TABLESTYLEOVERRIDES
VLA-GET-TABORDER
VLA-GET-TAGSTRING
VLA-GET-TAPERANGLE
VLA-GET-TARGET
VLA-GET-TEMPFILEEXTENSION
VLA-GET-TEMPFILEPATH
VLA-GET-TEMPLATEDWGPATH
VLA-GET-TEMPLATEID32
VLA-GET-TEMPXREFPATH
VLA-GET-TEXTALIGNMENTPOINT
VLA-GET-TEXTALIGNMENTTYPE
VLA-GET-TEXTANGLETYPE
VLA-GET-TEXTATTACHMENTDIRECTION
VLA-GET-TEXTBACKGROUNDFILL
VLA-GET-TEXTBOTTOMATTACHMENTTYPE
VLA-GET-TEXTCOLOR
VLA-GET-TEXTDIRECTION
VLA-GET-TEXTEDITOR
VLA-GET-TEXTFILL
VLA-GET-TEXTFILLCOLOR
VLA-GET-TEXTFONT
VLA-GET-TEXTFONTSIZE
VLA-GET-TEXTFONTSTYLE
VLA-GET-TEXTFRAMEDISPLAY
VLA-GET-TEXTGAP
VLA-GET-TEXTGENERATIONFLAG
VLA-GET-TEXTHEIGHT
VLA-GET-TEXTINSIDE
VLA-GET-TEXTINSIDEALIGN
VLA-GET-TEXTJUSTIFY
VLA-GET-TEXTLEFTATTACHMENTTYPE
VLA-GET-TEXTLINESPACINGDISTANCE
VLA-GET-TEXTLINESPACINGFACTOR
VLA-GET-TEXTLINESPACINGSTYLE
VLA-GET-TEXTMOVEMENT
VLA-GET-TEXTOUTSIDEALIGN
VLA-GET-TEXTOVERRIDE
VLA-GET-TEXTPOSITION
VLA-GET-TEXTPRECISION
VLA-GET-TEXTPREFIX
VLA-GET-TEXTRIGHTATTACHMENTTYPE
VLA-GET-TEXTROTATION
VLA-GET-TEXTSTRING
VLA-GET-TEXTSTYLE
VLA-GET-TEXTSTYLENAME
VLA-GET-TEXTSTYLES
VLA-GET-TEXTSUFFIX
VLA-GET-TEXTTOPATTACHMENTTYPE
VLA-GET-TEXTUREMAPPATH
VLA-GET-TEXTWIDTH
VLA-GET-TEXTWINBACKGRNDCOLOR
VLA-GET-TEXTWINTEXTCOLOR
VLA-GET-THICKNESS
VLA-GET-TIMESERVER
VLA-GET-TIMESTAMP
VLA-GET-TITLE
VLA-GET-TITLESUPPRESSED
VLA-GET-TOLERANCEDISPLAY
VLA-GET-TOLERANCEHEIGHTSCALE
VLA-GET-TOLERANCEJUSTIFICATION
VLA-GET-TOLERANCELOWERLIMIT
VLA-GET-TOLERANCEPRECISION
VLA-GET-TOLERANCESUPPRESSLEADINGZEROS
VLA-GET-TOLERANCESUPPRESSTRAILINGZEROS
VLA-GET-TOLERANCESUPPRESSZEROFEET
VLA-GET-TOLERANCESUPPRESSZEROINCHES
VLA-GET-TOLERANCEUPPERLIMIT
VLA-GET-TOOLBARS
VLA-GET-TOOLPALETTEPATH
VLA-GET-TOP
VLA-GET-TOPHEIGHT
VLA-GET-TOPRADIUS
VLA-GET-TOTALANGLE
VLA-GET-TOTALLENGTH
VLA-GET-TOVECTOR
VLA-GET-TRANSLATEIDS
VLA-GET-TRANSPARENCY
VLA-GET-TRUECOLOR
VLA-GET-TRUECOLORIMAGES
VLA-GET-TURNHEIGHT
VLA-GET-TURNS
VLA-GET-TURNSLOPE
VLA-GET-TWIST
VLA-GET-TWISTANGLE
VLA-GET-TYPE
VLA-GET-UCSICONATORIGIN
VLA-GET-UCSICONON
VLA-GET-UCSPERVIEWPORT
VLA-GET-UISOLINEDENSITY
VLA-GET-UNDERLAYLAYEROVERRIDEAPPLIED
VLA-GET-UNDERLAYNAME
VLA-GET-UNDERLAYVISIBILITY
VLA-GET-UNITS
VLA-GET-UNITSFORMAT
VLA-GET-UNITSTYPE
VLA-GET-UPPERRIGHTCORNER
VLA-GET-UPSIDEDOWN
VLA-GET-URL
VLA-GET-URLDESCRIPTION
VLA-GET-URLNAMEDLOCATION
VLA-GET-USED
VLA-GET-USELASTPLOTSETTINGS
VLA-GET-USELIMITS
VLA-GET-USER
VLA-GET-USERCOORDINATESYSTEMS
VLA-GET-USESTANDARDSCALE
VLA-GET-UTILITY
VLA-GET-VALUE
VLA-GET-VALUE32
VLA-GET-VBE
VLA-GET-VERIFY
VLA-GET-VERSION
VLA-GET-VERSIONGUID
VLA-GET-VERTCELLMARGIN
VLA-GET-VERTEXCOUNT
VLA-GET-VERTICALALIGNMENT
VLA-GET-VERTICALCELLMARGIN
VLA-GET-VERTICALDIRECTION
VLA-GET-VERTICALTEXTPOSITION
VLA-GET-VERTICES
VLA-GET-VIEWINGDIRECTION
VLA-GET-VIEWPORTDEFAULT
VLA-GET-VIEWPORTON
VLA-GET-VIEWPORTS
VLA-GET-VIEWS
VLA-GET-VIEWTOPLOT
VLA-GET-VISIBILITYEDGE1
VLA-GET-VISIBILITYEDGE2
VLA-GET-VISIBILITYEDGE3
VLA-GET-VISIBILITYEDGE4
VLA-GET-VISIBLE
VLA-GET-VISOLINEDENSITY
VLA-GET-VISUALSTYLE
VLA-GET-VOLUME
VLA-GET-WEBFILE
VLA-GET-WEBPREVIEW
VLA-GET-WEBROTATEX
VLA-GET-WEBROTATEY
VLA-GET-WEBROTATEZ
VLA-GET-WEIGHTS
VLA-GET-WIDTH
VLA-GET-WIDTHFACTOR
VLA-GET-WINDOWLEFT
VLA-GET-WINDOWSTATE
VLA-GET-WINDOWTITLE
VLA-GET-WINDOWTOP
VLA-GET-WIREFRAMETYPE
VLA-GET-WORKSPACEPATH
VLA-GET-XEFFECTIVESCALEFACTOR
VLA-GET-XREFDATABASE
VLA-GET-XREFDEMANDLOAD
VLA-GET-XREFEDIT
VLA-GET-XREFFADEINTENSITY
VLA-GET-XREFLAYERVISIBILITY
VLA-GET-XSCALEFACTOR
VLA-GET-XVECTOR
VLA-GET-YEFFECTIVESCALEFACTOR
VLA-GET-YSCALEFACTOR
VLA-GET-YVECTOR
VLA-GET-ZEFFECTIVESCALEFACTOR
VLA-GET-ZSCALEFACTOR
VLA-GETACTIVESELECTIONSET
VLA-GETALIGNMENT
VLA-GETALLPROFILENAMES
VLA-GETANGLE
VLA-GETATTACHMENTPOINT
VLA-GETATTRIBUTES
VLA-GETAUTOSCALE
VLA-GETBACKGROUNDCOLOR
VLA-GETBACKGROUNDCOLORNONE
VLA-GETBITMAPS
VLA-GETBLOCKATTRIBUTEVALUE
VLA-GETBLOCKATTRIBUTEVALUE232
VLA-GETBLOCKATTRIBUTEVALUE32
VLA-GETBLOCKROTATION
VLA-GETBLOCKSCALE
VLA-GETBLOCKTABLERECORDID
VLA-GETBLOCKTABLERECORDID232
VLA-GETBLOCKTABLERECORDID32
VLA-GETBOUNDINGBOX
VLA-GETBULGE
VLA-GETCANONICALMEDIANAMES
VLA-GETCELLALIGNMENT
VLA-GETCELLBACKGROUNDCOLOR
VLA-GETCELLBACKGROUNDCOLORNONE
VLA-GETCELLCONTENTCOLOR
VLA-GETCELLDATATYPE
VLA-GETCELLEXTENTS
VLA-GETCELLFORMAT
VLA-GETCELLGRIDCOLOR
VLA-GETCELLGRIDLINEWEIGHT
VLA-GETCELLGRIDVISIBILITY
VLA-GETCELLSTYLEOVERRIDES
VLA-GETCELLTEXTHEIGHT
VLA-GETCELLTEXTSTYLE
VLA-GETCELLTYPE
VLA-GETCELLVALUE
VLA-GETCOLOR
VLA-GETCOLUMNWIDTH
VLA-GETCONSTANTATTRIBUTES
VLA-GETCONTENTCOLOR
VLA-GETCONTROLPOINT
VLA-GETCORNER
VLA-GETCUSTOMBYINDEX
VLA-GETCUSTOMBYKEY
VLA-GETCUSTOMSCALE
VLA-GETDATATYPE
VLA-GETDISTANCE
VLA-GETDOGLEGDIRECTION
VLA-GETDYNAMICBLOCKPROPERTIES
VLA-GETENTITY
VLA-GETEXTENSIONDICTIONARY
VLA-GETFIELDID
VLA-GETFIELDID232
VLA-GETFIELDID32
VLA-GETFITPOINT
VLA-GETFONT
VLA-GETFORMAT
VLA-GETFULLDRAWORDER
VLA-GETGCADSTATE
VLA-GETGRIDCOLOR
VLA-GETGRIDLINETYPE32
VLA-GETGRIDLINEWEIGHT
VLA-GETGRIDSPACING
VLA-GETGRIDVISIBILITY
VLA-GETINPUT
VLA-GETINTEGER
VLA-GETINTERFACEOBJECT
VLA-GETINVISIBLEEDGE
VLA-GETKEYWORD
VLA-GETLEADERINDEX
VLA-GETLEADERLINEINDEXES
VLA-GETLEADERLINEVERTICES
VLA-GETLIVESECTION
VLA-GETLOCALEMEDIANAME
VLA-GETLOOPAT
VLA-GETMINIMUMCOLUMNWIDTH
VLA-GETMINIMUMROWHEIGHT
VLA-GETNAME
VLA-GETOBJECT
VLA-GETOBJECTIDSTRING
VLA-GETORIENTATION
VLA-GETPAPERMARGINS
VLA-GETPAPERSIZE
VLA-GETPLOTDEVICENAMES
VLA-GETPLOTSTYLETABLENAMES
VLA-GETPOINT
VLA-GETPROJECTFILEPATH
VLA-GETREAL
VLA-GETRELATIVEDRAWORDER
VLA-GETREMOTEFILE
VLA-GETROWHEIGHT
VLA-GETROWTYPE
VLA-GETSECTIONTYPESETTINGS
VLA-GETSNAPSPACING
VLA-GETSTRING
VLA-GETSUBENTITY
VLA-GETSUBENTITY32
VLA-GETSUBSELECTION
VLA-GETTEXT
VLA-GETTEXTHEIGHT
VLA-GETTEXTROTATION
VLA-GETTEXTSTYLE
VLA-GETTEXTSTYLEID32
VLA-GETUCSMATRIX
VLA-GETUNIQUESECTIONNAME
VLA-GETVARIABLE
VLA-GETVARIANT
VLA-GETVERTEXCOUNT
VLA-GETWEIGHT
VLA-GETWIDTH
VLA-GETWINDOWTOPLOT
VLA-GETXDATA
VLA-GETXRECORDDATA
VLA-HANDLETOOBJECT
VLA-HIGHLIGHT
VLA-HITTEST
VLA-IMPORT
VLA-IMPORTPROFILE
VLA-INDEXOF
VLA-INITAPP
VLA-INITDOC
VLA-INITIALIZEUSERINPUT
VLA-INSERTBLOCK
VLA-INSERTCOLUMNS
VLA-INSERTINMENUBAR
VLA-INSERTLOOPAT
VLA-INSERTMENUINMENUBAR
VLA-INSERTROWS
VLA-INTERSECTWITH
VLA-ISMERGEDCELL
VLA-ISREMOTEFILE
VLA-ISURL
VLA-ITEM
VLA-LAUNCHBROWSERDIALOG
VLA-LAYOUTSWITCHED
VLA-LISPCANCELLED
VLA-LISTGRX
VLA-LOAD
VLA-LOADDVB
VLA-LOADGRX
VLA-LOADSHAPEFILE
VLA-LOADVBI
VLA-MERGECELLS
VLA-MIRROR
VLA-MIRROR3D
VLA-MODIFIED
VLA-MOVE
VLA-MOVEABOVE
VLA-MOVEBELOW
VLA-MOVETOBOTTOM
VLA-MOVETOTOP
VLA-NEW
VLA-NEWDRAWING
VLA-NUMCUSTOMINFO
VLA-OBJECTADDED
VLA-OBJECTERASED
VLA-OBJECTID32TOOBJECTIDSTRING
VLA-OBJECTIDTOOBJECT
VLA-OBJECTIDTOOBJECT32
VLA-OBJECTMODIFIED
VLA-OFFSET
VLA-OPEN
VLA-PARSESCRIPTTEXT_E
VLA-PLOTTODEVICE
VLA-PLOTTOFILE
VLA-POLARPOINT
VLA-PROMPT
VLA-PURGEALL
VLA-PURGEFITDATA
VLA-PUT-ACTION
VLA-PUT-ACTIVEDIMSTYLE
VLA-PUT-ACTIVEDOCUMENT
VLA-PUT-ACTIVELAYER
VLA-PUT-ACTIVELAYOUT
VLA-PUT-ACTIVELINETYPE
VLA-PUT-ACTIVEMATERIAL
VLA-PUT-ACTIVEPROFILE
VLA-PUT-ACTIVEPVIEWPORT
VLA-PUT-ACTIVESPACE
VLA-PUT-ACTIVETEXTSTYLE
VLA-PUT-ACTIVEUCS
VLA-PUT-ACTIVEVIEWPORT
VLA-PUT-ADCINSERTUNITSDEFAULTSOURCE
VLA-PUT-ADCINSERTUNITSDEFAULTTARGET
VLA-PUT-ADDITIONALFORMAT
VLA-PUT-ADJUSTFORBACKGROUND
VLA-PUT-ALGORITHM
VLA-PUT-ALIGNITEMS
VLA-PUT-ALIGNMENT
VLA-PUT-ALIGNMENTPOINTACQUISITION
VLA-PUT-ALIGNSPACE
VLA-PUT-ALLOWLONGSYMBOLNAMES
VLA-PUT-ALLOWMANUALHEIGHTS
VLA-PUT-ALLOWMANUALPOSITIONS
VLA-PUT-ALTFONTFILE
VLA-PUT-ALTROUNDDISTANCE
VLA-PUT-ALTSUBUNITSFACTOR
VLA-PUT-ALTSUBUNITSSUFFIX
VLA-PUT-ALTSUPPRESSLEADINGZEROS
VLA-PUT-ALTSUPPRESSTRAILINGZEROS
VLA-PUT-ALTSUPPRESSZEROFEET
VLA-PUT-ALTSUPPRESSZEROINCHES
VLA-PUT-ALTTABLETMENUFILE
VLA-PUT-ALTTEXTPREFIX
VLA-PUT-ALTTEXTSUFFIX
VLA-PUT-ALTTOLERANCEPRECISION
VLA-PUT-ALTTOLERANCESUPPRESSLEADINGZEROS
VLA-PUT-ALTTOLERANCESUPPRESSTRAILINGZEROS
VLA-PUT-ALTTOLERANCESUPPRESSZEROFEET
VLA-PUT-ALTTOLERANCESUPPRESSZEROINCHES
VLA-PUT-ALTUNITS
VLA-PUT-ALTUNITSFORMAT
VLA-PUT-ALTUNITSPRECISION
VLA-PUT-ALTUNITSSCALE
VLA-PUT-ANGLEBETWEENITEMS
VLA-PUT-ANGLEFORMAT
VLA-PUT-ANGLEVERTEX
VLA-PUT-ANNOTATION
VLA-PUT-ANNOTATIVE
VLA-PUT-ARCENDPARAM
VLA-PUT-ARCOFFSET
VLA-PUT-ARCPOINT
VLA-PUT-ARCSMOOTHNESS
VLA-PUT-ARCSTARTPARAM
VLA-PUT-AREA
VLA-PUT-ARROWHEAD1BLOCK
VLA-PUT-ARROWHEAD1TYPE
VLA-PUT-ARROWHEAD2BLOCK
VLA-PUT-ARROWHEAD2TYPE
VLA-PUT-ARROWHEADBLOCK
VLA-PUT-ARROWHEADSIZE
VLA-PUT-ARROWHEADTYPE
VLA-PUT-ARROWSIZE
VLA-PUT-ARROWSYMBOL
VLA-PUT-ASSOCIATIVEHATCH
VLA-PUT-ATTACHMENTPOINT
VLA-PUT-ATTENUATIONTYPE
VLA-PUT-AUTHOR
VLA-PUT-AUTOAUDIT
VLA-PUT-AUTOMATICPLOTLOG
VLA-PUT-AUTOSAVEINTERVAL
VLA-PUT-AUTOSAVEPATH
VLA-PUT-AUTOSNAPAPERTURE
VLA-PUT-AUTOSNAPAPERTURESIZE
VLA-PUT-AUTOSNAPMAGNET
VLA-PUT-AUTOSNAPMARKER
VLA-PUT-AUTOSNAPMARKERCOLOR
VLA-PUT-AUTOSNAPMARKERSIZE
VLA-PUT-AUTOSNAPTOOLTIP
VLA-PUT-AUTOTRACKINGVECCOLOR
VLA-PUT-AUTOTRACKTOOLTIP
VLA-PUT-AXESANGLE
VLA-PUT-AXISDIRECTION
VLA-PUT-AXISPOSITION
VLA-PUT-BACKGROUNDCOLOR
VLA-PUT-BACKGROUNDFILL
VLA-PUT-BACKGROUNDLINESCOLOR
VLA-PUT-BACKGROUNDLINESHIDDENLINE
VLA-PUT-BACKGROUNDLINESLAYER
VLA-PUT-BACKGROUNDLINESLINETYPE
VLA-PUT-BACKGROUNDLINESLINETYPESCALE
VLA-PUT-BACKGROUNDLINESLINEWEIGHT
VLA-PUT-BACKGROUNDLINESPLOTSTYLENAME
VLA-PUT-BACKGROUNDLINESVISIBLE
VLA-PUT-BACKPLANE
VLA-PUT-BACKWARD
VLA-PUT-BANK
VLA-PUT-BASEPOINT
VLA-PUT-BASERADIUS
VLA-PUT-BATCHPLOTPROGRESS
VLA-PUT-BEEPONERROR
VLA-PUT-BIGFONTFILE
VLA-PUT-BITFLAGS
VLA-PUT-BLOCK
VLA-PUT-BLOCKAUTOFIT
VLA-PUT-BLOCKCOLOR
VLA-PUT-BLOCKCONNECTIONTYPE
VLA-PUT-BLOCKNAME
VLA-PUT-BLOCKROTATION
VLA-PUT-BLOCKSCALE
VLA-PUT-BLOCKSCALING
VLA-PUT-BLOCKSINCELL
VLA-PUT-BOTTOMHEIGHT
VLA-PUT-BREAKSENABLED
VLA-PUT-BREAKSIZE
VLA-PUT-BREAKSPACING
VLA-PUT-BRIGHTNESS
VLA-PUT-CANONICALMEDIANAME
VLA-PUT-CATEGORYNAME
VLA-PUT-CELLALIGNMENT
VLA-PUT-CELLBACKGROUNDFILL
VLA-PUT-CELLBORDERCOLOR
VLA-PUT-CELLBORDERLINETYPE
VLA-PUT-CELLBORDERLINEWEIGHT
VLA-PUT-CELLCONTENTS
VLA-PUT-CELLDATALINK
VLA-PUT-CELLDATATYPE
VLA-PUT-CELLHEIGHT
VLA-PUT-CELLLAYOUT
VLA-PUT-CELLLOCKING
VLA-PUT-CELLSTYLE
VLA-PUT-CELLTEXTCOLOR
VLA-PUT-CELLTEXTHEIGHT
VLA-PUT-CELLTEXTROTATION
VLA-PUT-CELLTEXTSTYLE
VLA-PUT-CELLTYPE
VLA-PUT-CELLWIDTH
VLA-PUT-CENTER
VLA-PUT-CENTERMARKSIZE
VLA-PUT-CENTERPLOT
VLA-PUT-CENTERPOINT
VLA-PUT-CENTERTYPE
VLA-PUT-CHECK
VLA-PUT-CHORDPOINT
VLA-PUT-CIRCUMFERENCE
VLA-PUT-CLIPPING
VLA-PUT-CLIPPINGENABLED
VLA-PUT-CLOSED
VLA-PUT-CLOSED2
VLA-PUT-COLOR
VLA-PUT-COLORBOOKPATH
VLA-PUT-COLORINDEX
VLA-PUT-COLORMETHOD
VLA-PUT-COLUMNCOUNT
VLA-PUT-COLUMNS
VLA-PUT-COLUMNSPACING
VLA-PUT-COLUMNSTYLE
VLA-PUT-COLUMNWIDTH
VLA-PUT-COMMANDDISPLAYNAME
VLA-PUT-COMMENT
VLA-PUT-COMMENTS
VLA-PUT-CONFIGNAME
VLA-PUT-CONSTANT
VLA-PUT-CONSTANTWIDTH
VLA-PUT-CONSTRAIN
VLA-PUT-CONTENTBLOCKNAME
VLA-PUT-CONTENTBLOCKTYPE
VLA-PUT-CONTENTS
VLA-PUT-CONTENTTYPE
VLA-PUT-CONTINUOUSPLOTLOG
VLA-PUT-CONTOURLINESPERSURFACE
VLA-PUT-CONTRAST
VLA-PUT-CONTROLPOINTS
VLA-PUT-COORDINATE
VLA-PUT-COORDINATES
VLA-PUT-CREATEBACKUP
VLA-PUT-CURRENTSECTIONTYPE
VLA-PUT-CURSORSIZE
VLA-PUT-CURVETANGENCYLINESCOLOR
VLA-PUT-CURVETANGENCYLINESLAYER
VLA-PUT-CURVETANGENCYLINESLINETYPE
VLA-PUT-CURVETANGENCYLINESLINETYPESCALE
VLA-PUT-CURVETANGENCYLINESLINEWEIGHT
VLA-PUT-CURVETANGENCYLINESPLOTSTYLENAME
VLA-PUT-CURVETANGENCYLINESVISIBLE
VLA-PUT-CUSTOMDICTIONARY
VLA-PUT-CUSTOMICONPATH
VLA-PUT-CUSTOMSCALE
VLA-PUT-DECIMALSEPARATOR
VLA-PUT-DEFAULTINTERNETURL
VLA-PUT-DEFAULTOUTPUTDEVICE
VLA-PUT-DEFAULTPLOTSTYLEFORLAYER
VLA-PUT-DEFAULTPLOTSTYLEFOROBJECTS
VLA-PUT-DEFAULTPLOTSTYLETABLE
VLA-PUT-DEFAULTPLOTTOFILEPATH
VLA-PUT-DEMANDLOADARXAPP
VLA-PUT-DESCRIPTION
VLA-PUT-DESTINATIONBLOCK
VLA-PUT-DESTINATIONFILE
VLA-PUT-DIAMETER
VLA-PUT-DIMCONSTRDESC
VLA-PUT-DIMCONSTREXPRESSION
VLA-PUT-DIMCONSTRFORM
VLA-PUT-DIMCONSTRNAME
VLA-PUT-DIMCONSTRREFERENCE
VLA-PUT-DIMCONSTRVALUE
VLA-PUT-DIMENSIONLINECOLOR
VLA-PUT-DIMENSIONLINEEXTEND
VLA-PUT-DIMENSIONLINETYPE
VLA-PUT-DIMENSIONLINEWEIGHT
VLA-PUT-DIMLINE1SUPPRESS
VLA-PUT-DIMLINE2SUPPRESS
VLA-PUT-DIMLINEINSIDE
VLA-PUT-DIMLINESUPPRESS
VLA-PUT-DIMTXTDIRECTION
VLA-PUT-DIRECTION
VLA-PUT-DIRECTIONVECTOR
VLA-PUT-DISPLAYGRIPS
VLA-PUT-DISPLAYGRIPSWITHINBLOCKS
VLA-PUT-DISPLAYLAYOUTTABS
VLA-PUT-DISPLAYLOCKED
VLA-PUT-DISPLAYOLESCALE
VLA-PUT-DISPLAYSCREENMENU
VLA-PUT-DISPLAYSCROLLBARS
VLA-PUT-DISPLAYSILHOUETTE
VLA-PUT-DOCKEDVISIBLELINES
VLA-PUT-DOGLEGGED
VLA-PUT-DOGLEGLENGTH
VLA-PUT-DRAWINGDIRECTION
VLA-PUT-DRAWLEADERORDERTYPE
VLA-PUT-DRAWMLEADERORDERTYPE
VLA-PUT-DRIVERSPATH
VLA-PUT-DWFFORMAT
VLA-PUT-ELEVATION
VLA-PUT-ELEVATIONMODELSPACE
VLA-PUT-ELEVATIONPAPERSPACE
VLA-PUT-ENABLE
VLA-PUT-ENABLEBLOCKROTATION
VLA-PUT-ENABLEBLOCKSCALE
VLA-PUT-ENABLEDOGLEG
VLA-PUT-ENABLEFRAMETEXT
VLA-PUT-ENABLELANDING
VLA-PUT-ENABLESTARTUPDIALOG
VLA-PUT-ENDANGLE
VLA-PUT-ENDDRAFTANGLE
VLA-PUT-ENDDRAFTMAGNITUDE
VLA-PUT-ENDLIMIT
VLA-PUT-ENDOFFSET
VLA-PUT-ENDPARAMETER
VLA-PUT-ENDPOINT
VLA-PUT-ENDSUBMENULEVEL
VLA-PUT-ENDTANGENT
VLA-PUT-ENTERPRISEMENUFILE
VLA-PUT-ENTITYCOLOR
VLA-PUT-ENTITYTRANSPARENCY
VLA-PUT-EXPLODABLE
VLA-PUT-EXTENSIONLINECOLOR
VLA-PUT-EXTENSIONLINEEXTEND
VLA-PUT-EXTENSIONLINEOFFSET
VLA-PUT-EXTENSIONLINEWEIGHT
VLA-PUT-EXTLINE1ENDPOINT
VLA-PUT-EXTLINE1LINETYPE
VLA-PUT-EXTLINE1POINT
VLA-PUT-EXTLINE1STARTPOINT
VLA-PUT-EXTLINE1SUPPRESS
VLA-PUT-EXTLINE2ENDPOINT
VLA-PUT-EXTLINE2LINETYPE
VLA-PUT-EXTLINE2POINT
VLA-PUT-EXTLINE2STARTPOINT
VLA-PUT-EXTLINE2SUPPRESS
VLA-PUT-EXTLINEFIXEDLEN
VLA-PUT-EXTLINEFIXEDLENSUPPRESS
VLA-PUT-FACES
VLA-PUT-FADE
VLA-PUT-FALLOFF
VLA-PUT-FIELDLENGTH
VLA-PUT-FIELDOFVIEW
VLA-PUT-FILE
VLA-PUT-FILLANGLE
VLA-PUT-FILLPATH
VLA-PUT-FIRSTSEGMENTANGLECONSTRAINT
VLA-PUT-FIT
VLA-PUT-FITPOINTS
VLA-PUT-FITTOLERANCE
VLA-PUT-FLOATINGROWS
VLA-PUT-FLOWDIRECTION
VLA-PUT-FONTFILE
VLA-PUT-FONTFILEMAP
VLA-PUT-FORCELINEINSIDE
VLA-PUT-FOREGROUNDLINESCOLOR
VLA-PUT-FOREGROUNDLINESEDGETRANSPARENCY
VLA-PUT-FOREGROUNDLINESFACETRANSPARENCY
VLA-PUT-FOREGROUNDLINESHIDDENLINE
VLA-PUT-FOREGROUNDLINESLAYER
VLA-PUT-FOREGROUNDLINESLINETYPE
VLA-PUT-FOREGROUNDLINESLINETYPESCALE
VLA-PUT-FOREGROUNDLINESLINEWEIGHT
VLA-PUT-FOREGROUNDLINESPLOTSTYLENAME
VLA-PUT-FOREGROUNDLINESVISIBLE
VLA-PUT-FORMAT
VLA-PUT-FRACTIONFORMAT
VLA-PUT-FRAMEHEIGHT
VLA-PUT-FRAMEWIDTH
VLA-PUT-FREEZE
VLA-PUT-FROMVECTOR
VLA-PUT-FRONTPLANE
VLA-PUT-FULLCRCVALIDATION
VLA-PUT-FULLSCREENTRACKINGVECTOR
VLA-PUT-GENERATIONOPTIONS
VLA-PUT-GLYPHDISPLAY
VLA-PUT-GRADIENTANGLE
VLA-PUT-GRADIENTCENTERED
VLA-PUT-GRADIENTCOLOR1
VLA-PUT-GRADIENTCOLOR2
VLA-PUT-GRADIENTNAME
VLA-PUT-GRAPHICSWINLAYOUTBACKGRNDCOLOR
VLA-PUT-GRAPHICSWINMODELBACKGRNDCOLOR
VLA-PUT-GRIDON
VLA-PUT-GRIPCOLORSELECTED
VLA-PUT-GRIPCOLORUNSELECTED
VLA-PUT-GRIPSIZE
VLA-PUT-HASLEADER
VLA-PUT-HASTARGET
VLA-PUT-HASVPASSOCIATION
VLA-PUT-HATCHOBJECTTYPE
VLA-PUT-HATCHSTYLE
VLA-PUT-HEADERSUPPRESSED
VLA-PUT-HEIGHT
VLA-PUT-HELPFILEPATH
VLA-PUT-HELPSTRING
VLA-PUT-HISTORY
VLA-PUT-HISTORYLINES
VLA-PUT-HORIZONTALALIGNMENT
VLA-PUT-HORIZONTALCELLMARGIN
VLA-PUT-HORIZONTALTEXTPOSITION
VLA-PUT-HORZCELLMARGIN
VLA-PUT-HOTSPOT
VLA-PUT-HYPERLINKBASE
VLA-PUT-HYPERLINKDISPLAYCURSOR
VLA-PUT-HYPERLINKDISPLAYTOOLTIP
VLA-PUT-ILLUMINANCEDISTANCE
VLA-PUT-IMAGEFILE
VLA-PUT-IMAGEFRAMEHIGHLIGHT
VLA-PUT-IMAGEHEIGHT
VLA-PUT-IMAGEVISIBILITY
VLA-PUT-IMAGEWIDTH
VLA-PUT-INCREMENTALSAVEPERCENT
VLA-PUT-INDICATORFILLCOLOR
VLA-PUT-INDICATORTRANSPARENCY
VLA-PUT-INSERTIONPOINT
VLA-PUT-INTENSITY
VLA-PUT-INTERSECTIONBOUNDARYCOLOR
VLA-PUT-INTERSECTIONBOUNDARYDIVISIONLINES
VLA-PUT-INTERSECTIONBOUNDARYLAYER
VLA-PUT-INTERSECTIONBOUNDARYLINETYPE
VLA-PUT-INTERSECTIONBOUNDARYLINETYPESCALE
VLA-PUT-INTERSECTIONBOUNDARYLINEWEIGHT
VLA-PUT-INTERSECTIONBOUNDARYPLOTSTYLENAME
VLA-PUT-INTERSECTIONFILLCOLOR
VLA-PUT-INTERSECTIONFILLFACETRANSPARENCY
VLA-PUT-INTERSECTIONFILLHATCHANGLE
VLA-PUT-INTERSECTIONFILLHATCHPATTERNNAME
VLA-PUT-INTERSECTIONFILLHATCHPATTERNTYPE
VLA-PUT-INTERSECTIONFILLHATCHSCALE
VLA-PUT-INTERSECTIONFILLHATCHSPACING
VLA-PUT-INTERSECTIONFILLLAYER
VLA-PUT-INTERSECTIONFILLLINETYPE
VLA-PUT-INTERSECTIONFILLLINETYPESCALE
VLA-PUT-INTERSECTIONFILLLINEWEIGHT
VLA-PUT-INTERSECTIONFILLPLOTSTYLENAME
VLA-PUT-INTERSECTIONFILLVISIBLE
VLA-PUT-INVISIBLE
VLA-PUT-ISOPENWIDTH
VLA-PUT-ISPARTIAL
VLA-PUT-ISPLOTABLE
VLA-PUT-ISSUER
VLA-PUT-ITEMCOUNT
VLA-PUT-ITEMNAME
VLA-PUT-ITEMSPACING
VLA-PUT-JOGANGLE
VLA-PUT-JOGLOCATION
VLA-PUT-JUSTIFICATION
VLA-PUT-KEYBOARDACCELERATOR
VLA-PUT-KEYBOARDPRIORITY
VLA-PUT-KEYLENGTH
VLA-PUT-KEYWORDS
VLA-PUT-KNOTS
VLA-PUT-LABEL
VLA-PUT-LABELBLOCKID
VLA-PUT-LABELBLOCKID32
VLA-PUT-LAMPCOLOR
VLA-PUT-LAMPINTENSITY
VLA-PUT-LANDINGGAP
VLA-PUT-LARGEBUTTONS
VLA-PUT-LASTHEIGHT
VLA-PUT-LASTSAVEDBY
VLA-PUT-LAYER
VLA-PUT-LAYERON
VLA-PUT-LAYERSTATE
VLA-PUT-LAYOUTCREATEVIEWPORT
VLA-PUT-LAYOUTCROSSHAIRCOLOR
VLA-PUT-LAYOUTDISPLAYMARGINS
VLA-PUT-LAYOUTDISPLAYPAPER
VLA-PUT-LAYOUTDISPLAYPAPERSHADOW
VLA-PUT-LAYOUTID
VLA-PUT-LAYOUTID32
VLA-PUT-LAYOUTSHOWPLOTSETUP
VLA-PUT-LCOLOR
VLA-PUT-LEADER1POINT
VLA-PUT-LEADER2POINT
VLA-PUT-LEADERLENGTH
VLA-PUT-LEADERLINECOLOR
VLA-PUT-LEADERLINETYPE
VLA-PUT-LEADERLINETYPEID
VLA-PUT-LEADERLINEWEIGHT
VLA-PUT-LEADERTYPE
VLA-PUT-LEFT
VLA-PUT-LEFTOFFSET
VLA-PUT-LENSLENGTH
VLA-PUT-LEVELCOUNT
VLA-PUT-LEVELSPACING
VLA-PUT-LIGHTTYPE
VLA-PUT-LIMITS
VLA-PUT-LINEARSCALEFACTOR
VLA-PUT-LINESPACINGDISTANCE
VLA-PUT-LINESPACINGFACTOR
VLA-PUT-LINESPACINGSTYLE
VLA-PUT-LINETYPE
VLA-PUT-LINETYPEGENERATION
VLA-PUT-LINETYPESCALE
VLA-PUT-LINEWEIGHT
VLA-PUT-LINEWEIGHTDISPLAY
VLA-PUT-LIVESECTIONENABLED
VLA-PUT-LOADGCADLSPINALLDOCUMENTS
VLA-PUT-LOCATION
VLA-PUT-LOCK
VLA-PUT-LOCKASPECTRATIO
VLA-PUT-LOCKPOSITION
VLA-PUT-LOGFILEON
VLA-PUT-LOGFILEPATH
VLA-PUT-MACRO
VLA-PUT-MAINDICTIONARY
VLA-PUT-MAINTAINASSOCIATIVITY
VLA-PUT-MAJORAXIS
VLA-PUT-MAJORRADIUS
VLA-PUT-MAPSIZE
VLA-PUT-MASK
VLA-PUT-MATERIAL
VLA-PUT-MAXACTIVEVIEWPORTS
VLA-PUT-MAXAUTOCADWINDOW
VLA-PUT-MAXLEADERSEGMENTSPOINTS
VLA-PUT-MCLOSE
VLA-PUT-MDENSITY
VLA-PUT-MENUFILE
VLA-PUT-METHOD
VLA-PUT-MINORRADIUS
VLA-PUT-MLINESCALE
VLA-PUT-MODE
VLA-PUT-MODELCROSSHAIRCOLOR
VLA-PUT-MODELVIEW
VLA-PUT-MONOCHROME
VLA-PUT-MSPACE
VLA-PUT-MTEXTATTRIBUTE
VLA-PUT-MTEXTATTRIBUTECONTENT
VLA-PUT-MTEXTBOUNDARYWIDTH
VLA-PUT-MTEXTDRAWINGDIRECTION
VLA-PUT-NAME
VLA-PUT-NCLOSE
VLA-PUT-NDENSITY
VLA-PUT-NORMAL
VLA-PUT-NUMBEROFCOPIES
VLA-PUT-OBJECTARXPATH
VLA-PUT-OBJECTSNAPMODE
VLA-PUT-OBJECTSORTBYPLOTTING
VLA-PUT-OBJECTSORTBYPSOUTPUT
VLA-PUT-OBJECTSORTBYREDRAWS
VLA-PUT-OBJECTSORTBYREGENS
VLA-PUT-OBJECTSORTBYSELECTION
VLA-PUT-OBJECTSORTBYSNAP
VLA-PUT-OBLIQUEANGLE
VLA-PUT-OLEITEMTYPE
VLA-PUT-OLELAUNCH
VLA-PUT-OLEPLOTQUALITY
VLA-PUT-OLEQUALITY
VLA-PUT-OLESOURCEAPP
VLA-PUT-ORIGIN
VLA-PUT-ORTHOON
VLA-PUT-OVERRIDECENTER
VLA-PUT-PAGESETUPOVERRIDESTEMPLATEFILE
VLA-PUT-PAPERUNITS
VLA-PUT-PASSWORD
VLA-PUT-PATH
VLA-PUT-PATTERNANGLE
VLA-PUT-PATTERNDOUBLE
VLA-PUT-PATTERNSCALE
VLA-PUT-PATTERNSPACE
VLA-PUT-PICKADD
VLA-PUT-PICKAUTO
VLA-PUT-PICKBOXSIZE
VLA-PUT-PICKDRAG
VLA-PUT-PICKFIRST
VLA-PUT-PICKGROUP
VLA-PUT-PLOTGLYPH
VLA-PUT-PLOTHIDDEN
VLA-PUT-PLOTLEGACY
VLA-PUT-PLOTLOGFILEPATH
VLA-PUT-PLOTORIGIN
VLA-PUT-PLOTPOLICY
VLA-PUT-PLOTROTATION
VLA-PUT-PLOTSTYLENAME
VLA-PUT-PLOTTABLE
VLA-PUT-PLOTTYPE
VLA-PUT-PLOTVIEWPORTBORDERS
VLA-PUT-PLOTVIEWPORTSFIRST
VLA-PUT-PLOTWITHLINEWEIGHTS
VLA-PUT-PLOTWITHPLOTSTYLES
VLA-PUT-POLARTRACKINGVECTOR
VLA-PUT-POSITION
VLA-PUT-POSTSCRIPTPROLOGFILE
VLA-PUT-PRESET
VLA-PUT-PRESITION
VLA-PUT-PRIMARYUNITSPRECISION
VLA-PUT-PRINTERCONFIGPATH
VLA-PUT-PRINTERDESCPATH
VLA-PUT-PRINTERPAPERSIZEALERT
VLA-PUT-PRINTERSPOOLALERT
VLA-PUT-PRINTERSTYLESHEETPATH
VLA-PUT-PRINTFILE
VLA-PUT-PRINTSPOOLERPATH
VLA-PUT-PRINTSPOOLEXECUTABLE
VLA-PUT-PROFILEROTATION
VLA-PUT-PROMPTSTRING
VLA-PUT-PROVIDERNAME
VLA-PUT-PROVIDERTYPE
VLA-PUT-PROXYIMAGE
VLA-PUT-QNEWTEMPLATEFILE
VLA-PUT-QUIETERRORMODE
VLA-PUT-RADIUS
VLA-PUT-RADIUSRATIO
VLA-PUT-REGENERATETABLESUPPRESSED
VLA-PUT-REMOVEHIDDENLINES
VLA-PUT-RENDERSMOOTHNESS
VLA-PUT-REPEATBOTTOMLABELS
VLA-PUT-REPEATTOPLABELS
VLA-PUT-RESULTCOLOR
VLA-PUT-RESULTINTENSITY
VLA-PUT-REVISIONNUMBER
VLA-PUT-REVOLUTIONANGLE
VLA-PUT-RIGHTOFFSET
VLA-PUT-ROLLANGLE
VLA-PUT-ROTATEITEMS
VLA-PUT-ROTATION
VLA-PUT-ROUNDDISTANCE
VLA-PUT-ROWCOUNT
VLA-PUT-ROWELEVATION
VLA-PUT-ROWHEIGHT
VLA-PUT-ROWS
VLA-PUT-ROWSPACING
VLA-PUT-ROWSTYLE
VLA-PUT-SAVEASTYPE
VLA-PUT-SAVEPREVIEWTHUMBNAIL
VLA-PUT-SCALE
VLA-PUT-SCALEFACTOR
VLA-PUT-SCALEHEIGHT
VLA-PUT-SCALELINEWEIGHTS
VLA-PUT-SCALEWIDTH
VLA-PUT-SCMCOMMANDMODE
VLA-PUT-SCMDEFAULTMODE
VLA-PUT-SCMEDITMODE
VLA-PUT-SCMTIMEMODE
VLA-PUT-SCMTIMEVALUE
VLA-PUT-SECONDPOINT
VLA-PUT-SECONDSEGMENTANGLECONSTRAINT
VLA-PUT-SECTIONPLANEOFFSET
VLA-PUT-SEGMENTPERPOLYLINE
VLA-PUT-SERIALNUMBER
VLA-PUT-SHADEPLOT
VLA-PUT-SHADOWDISPLAY
VLA-PUT-SHADOWLENGTH
VLA-PUT-SHADOWRADIUS
VLA-PUT-SHADOWS
VLA-PUT-SHADOWSAMPLES
VLA-PUT-SHADOWSHAPE
VLA-PUT-SHADOWTYPE
VLA-PUT-SHADOWVISIBLE
VLA-PUT-SHADOWWIDTH
VLA-PUT-SHEETVIEW
VLA-PUT-SHORTCUTMENUDISPLAY
VLA-PUT-SHOWASSOCIATIVITY
VLA-PUT-SHOWHISTORY
VLA-PUT-SHOWPLOTSTYLES
VLA-PUT-SHOWPROXYDIALOGBOX
VLA-PUT-SHOWRASTERIMAGE
VLA-PUT-SHOWROTATION
VLA-PUT-SHOWWARNINGMESSAGES
VLA-PUT-SINGLEDOCUMENTMODE
VLA-PUT-SLICEDEPTH
VLA-PUT-SMOOTHNESS
VLA-PUT-SNAPBASEPOINT
VLA-PUT-SNAPON
VLA-PUT-SNAPROTATIONANGLE
VLA-PUT-SOFTNESS
VLA-PUT-SOLIDFILL
VLA-PUT-SOURCEOBJECTS
VLA-PUT-SOURCEVECTORX
VLA-PUT-SOURCEVECTORY
VLA-PUT-SOURCEVECTORZ
VLA-PUT-STANDARDSCALE
VLA-PUT-STANDARDSCALE2
VLA-PUT-STARTANGLE
VLA-PUT-STARTDRAFTANGLE
VLA-PUT-STARTDRAFTMAGNITUDE
VLA-PUT-STARTLIMIT
VLA-PUT-STARTOFFSET
VLA-PUT-STARTPARAMETER
VLA-PUT-STARTPOINT
VLA-PUT-STARTTANGENT
VLA-PUT-STATE
VLA-PUT-STATE2
VLA-PUT-STATUS
VLA-PUT-STORESQLINDEX
VLA-PUT-STYLENAME
VLA-PUT-STYLESHEET
VLA-PUT-SUBJECT
VLA-PUT-SUBUNITSFACTOR
VLA-PUT-SUBUNITSSUFFIX
VLA-PUT-SUPPORTPATH
VLA-PUT-SUPPRESSLEADINGZEROS
VLA-PUT-SUPPRESSTRAILINGZEROS
VLA-PUT-SUPPRESSZEROFEET
VLA-PUT-SUPPRESSZEROINCHES
VLA-PUT-SURFACENORMALS
VLA-PUT-SYMBOLPOSITION
VLA-PUT-TABLEBREAKFLOWDIRECTION
VLA-PUT-TABLEBREAKHEIGHT
VLA-PUT-TABLESREADONLY
VLA-PUT-TABORDER
VLA-PUT-TAGSTRING
VLA-PUT-TAPERANGLE
VLA-PUT-TARGET
VLA-PUT-TEMPFILEEXTENSION
VLA-PUT-TEMPFILEPATH
VLA-PUT-TEMPLATEDWGPATH
VLA-PUT-TEMPLATEID32
VLA-PUT-TEMPXREFPATH
VLA-PUT-TEXTALIGNMENTPOINT
VLA-PUT-TEXTALIGNMENTTYPE
VLA-PUT-TEXTANGLETYPE
VLA-PUT-TEXTATTACHMENTDIRECTION
VLA-PUT-TEXTBACKGROUNDFILL
VLA-PUT-TEXTBOTTOMATTACHMENTTYPE
VLA-PUT-TEXTCOLOR
VLA-PUT-TEXTDIRECTION
VLA-PUT-TEXTEDITOR
VLA-PUT-TEXTFILL
VLA-PUT-TEXTFILLCOLOR
VLA-PUT-TEXTFONT
VLA-PUT-TEXTFONTSIZE
VLA-PUT-TEXTFONTSTYLE
VLA-PUT-TEXTFRAMEDISPLAY
VLA-PUT-TEXTGAP
VLA-PUT-TEXTGENERATIONFLAG
VLA-PUT-TEXTHEIGHT
VLA-PUT-TEXTINSIDE
VLA-PUT-TEXTINSIDEALIGN
VLA-PUT-TEXTJUSTIFY
VLA-PUT-TEXTLEFTATTACHMENTTYPE
VLA-PUT-TEXTLINESPACINGDISTANCE
VLA-PUT-TEXTLINESPACINGFACTOR
VLA-PUT-TEXTLINESPACINGSTYLE
VLA-PUT-TEXTMOVEMENT
VLA-PUT-TEXTOUTSIDEALIGN
VLA-PUT-TEXTOVERRIDE
VLA-PUT-TEXTPOSITION
VLA-PUT-TEXTPRECISION
VLA-PUT-TEXTPREFIX
VLA-PUT-TEXTRIGHTATTACHMENTTYPE
VLA-PUT-TEXTROTATION
VLA-PUT-TEXTSTRING
VLA-PUT-TEXTSTYLE
VLA-PUT-TEXTSTYLENAME
VLA-PUT-TEXTSUFFIX
VLA-PUT-TEXTTOPATTACHMENTTYPE
VLA-PUT-TEXTUREMAPPATH
VLA-PUT-TEXTWIDTH
VLA-PUT-TEXTWINBACKGRNDCOLOR
VLA-PUT-TEXTWINTEXTCOLOR
VLA-PUT-THICKNESS
VLA-PUT-TIMESERVER
VLA-PUT-TITLE
VLA-PUT-TITLESUPPRESSED
VLA-PUT-TOLERANCEDISPLAY
VLA-PUT-TOLERANCEHEIGHTSCALE
VLA-PUT-TOLERANCEJUSTIFICATION
VLA-PUT-TOLERANCELOWERLIMIT
VLA-PUT-TOLERANCEPRECISION
VLA-PUT-TOLERANCESUPPRESSLEADINGZEROS
VLA-PUT-TOLERANCESUPPRESSTRAILINGZEROS
VLA-PUT-TOLERANCESUPPRESSZEROFEET
VLA-PUT-TOLERANCESUPPRESSZEROINCHES
VLA-PUT-TOLERANCEUPPERLIMIT
VLA-PUT-TOOLPALETTEPATH
VLA-PUT-TOP
VLA-PUT-TOPHEIGHT
VLA-PUT-TOPRADIUS
VLA-PUT-TOVECTOR
VLA-PUT-TRANSLATEIDS
VLA-PUT-TRANSPARENCY
VLA-PUT-TRUECOLOR
VLA-PUT-TRUECOLORIMAGES
VLA-PUT-TURNHEIGHT
VLA-PUT-TURNS
VLA-PUT-TWIST
VLA-PUT-TWISTANGLE
VLA-PUT-TYPE
VLA-PUT-UCSICONATORIGIN
VLA-PUT-UCSICONON
VLA-PUT-UCSPERVIEWPORT
VLA-PUT-UISOLINEDENSITY
VLA-PUT-UNDERLAYLAYEROVERRIDEAPPLIED
VLA-PUT-UNDERLAYNAME
VLA-PUT-UNDERLAYVISIBILITY
VLA-PUT-UNITS
VLA-PUT-UNITSFORMAT
VLA-PUT-UPSIDEDOWN
VLA-PUT-URL
VLA-PUT-URLDESCRIPTION
VLA-PUT-URLNAMEDLOCATION
VLA-PUT-USELASTPLOTSETTINGS
VLA-PUT-USELIMITS
VLA-PUT-USESTANDARDSCALE
VLA-PUT-VALUE
VLA-PUT-VERIFY
VLA-PUT-VERTCELLMARGIN
VLA-PUT-VERTICALALIGNMENT
VLA-PUT-VERTICALCELLMARGIN
VLA-PUT-VERTICALDIRECTION
VLA-PUT-VERTICALTEXTPOSITION
VLA-PUT-VERTICES
VLA-PUT-VIEWINGDIRECTION
VLA-PUT-VIEWPORTDEFAULT
VLA-PUT-VIEWPORTON
VLA-PUT-VIEWTOPLOT
VLA-PUT-VISIBILITYEDGE1
VLA-PUT-VISIBILITYEDGE2
VLA-PUT-VISIBILITYEDGE3
VLA-PUT-VISIBILITYEDGE4
VLA-PUT-VISIBLE
VLA-PUT-VISOLINEDENSITY
VLA-PUT-VISUALSTYLE
VLA-PUT-WEBFILE
VLA-PUT-WEBPREVIEW
VLA-PUT-WEBROTATEX
VLA-PUT-WEBROTATEY
VLA-PUT-WEBROTATEZ
VLA-PUT-WEIGHTS
VLA-PUT-WIDTH
VLA-PUT-WIDTHFACTOR
VLA-PUT-WINDOWLEFT
VLA-PUT-WINDOWSTATE
VLA-PUT-WINDOWTOP
VLA-PUT-WIREFRAMETYPE
VLA-PUT-WORKSPACEPATH
VLA-PUT-XEFFECTIVESCALEFACTOR
VLA-PUT-XREFDEMANDLOAD
VLA-PUT-XREFEDIT
VLA-PUT-XREFFADEINTENSITY
VLA-PUT-XREFLAYERVISIBILITY
VLA-PUT-XSCALEFACTOR
VLA-PUT-XVECTOR
VLA-PUT-YEFFECTIVESCALEFACTOR
VLA-PUT-YSCALEFACTOR
VLA-PUT-YVECTOR
VLA-PUT-ZEFFECTIVESCALEFACTOR
VLA-PUT-ZSCALEFACTOR
VLA-PUTREMOTEFILE
VLA-QUIT
VLA-REALTOSTRING
VLA-RECOMPUTETABLEBLOCK
VLA-REFRESHPLOTDEVICEINFO
VLA-REGEN
VLA-RELOAD
VLA-REMOVE
VLA-REMOVECUSTOMBYINDEX
VLA-REMOVECUSTOMBYKEY
VLA-REMOVEENTRY
VLA-REMOVEFROMMENUBAR
VLA-REMOVEITEMS
VLA-REMOVELEADER
VLA-REMOVELEADERLINE
VLA-REMOVEMENUFROMMENUBAR
VLA-REMOVEVERTEX
VLA-RENAME
VLA-RENAMEPROFILE
VLA-REPLACE
VLA-RESELECTSUBREGION
VLA-RESETBLOCK
VLA-RESETCELLVALUE
VLA-RESETPROFILE
VLA-RESTORE
VLA-REVERSE
VLA-ROTATE
VLA-ROTATE3D
VLA-RUN
VLA-RUNMACRO
VLA-SAVE
VLA-SAVEAS
VLA-SCALEENTITY
VLA-SECTIONSOLID
VLA-SELECT
VLA-SELECTATPOINT
VLA-SELECTBYPOLYGON
VLA-SELECTIONCHANGED
VLA-SELECTONSCREEN
VLA-SELECTSUBREGION
VLA-SENDCOMMAND
VLA-SENDMODELESSOPERATIONENDED
VLA-SENDMODELESSOPERATIONSTART
VLA-SETALIGNMENT
VLA-SETAUTOSCALE
VLA-SETBACKGROUNDCOLOR
VLA-SETBACKGROUNDCOLORNONE
VLA-SETBITMAPS
VLA-SETBLOCKATTRIBUTEVALUE
VLA-SETBLOCKATTRIBUTEVALUE232
VLA-SETBLOCKATTRIBUTEVALUE32
VLA-SETBLOCKROTATION
VLA-SETBLOCKSCALE
VLA-SETBLOCKTABLERECORDID
VLA-SETBLOCKTABLERECORDID232
VLA-SETBLOCKTABLERECORDID32
VLA-SETBULGE
VLA-SETCELLALIGNMENT
VLA-SETCELLBACKGROUNDCOLOR
VLA-SETCELLBACKGROUNDCOLORNONE
VLA-SETCELLCONTENTCOLOR
VLA-SETCELLDATATYPE
VLA-SETCELLFORMAT
VLA-SETCELLGRIDCOLOR
VLA-SETCELLGRIDLINEWEIGHT
VLA-SETCELLGRIDVISIBILITY
VLA-SETCELLTEXTHEIGHT
VLA-SETCELLTEXTSTYLE
VLA-SETCELLTYPE
VLA-SETCELLVALUE
VLA-SETCELLVALUEFROMTEXT
VLA-SETCOLOR
VLA-SETCOLORBOOKCOLOR
VLA-SETCOLUMNWIDTH
VLA-SETCONTENTCOLOR
VLA-SETCONTROLPOINT
VLA-SETCUSTOMBYINDEX
VLA-SETCUSTOMBYKEY
VLA-SETCUSTOMSCALE
VLA-SETDATABASE
VLA-SETDATATYPE
VLA-SETDOGLEGDIRECTION
VLA-SETFIELDID
VLA-SETFIELDID232
VLA-SETFIELDID32
VLA-SETFITPOINT
VLA-SETFONT
VLA-SETFORMAT
VLA-SETGRIDCOLOR
VLA-SETGRIDLINETYPE32
VLA-SETGRIDLINEWEIGHT
VLA-SETGRIDSPACING
VLA-SETGRIDVISIBILITY
VLA-SETINVISIBLEEDGE
VLA-SETLAYOUTSTOPLOT
VLA-SETLEADERLINEVERTICES
VLA-SETNAMES
VLA-SETPATTERN
VLA-SETPROJECTFILEPATH
VLA-SETRELATIVEDRAWORDER
VLA-SETRGB
VLA-SETROWHEIGHT
VLA-SETSNAPSPACING
VLA-SETSUBSELECTION
VLA-SETTEMPLATEID32
VLA-SETTEXT
VLA-SETTEXTHEIGHT
VLA-SETTEXTROTATION
VLA-SETTEXTSTYLE
VLA-SETTEXTSTYLEID32
VLA-SETVARIABLE
VLA-SETVIEW
VLA-SETWEIGHT
VLA-SETWIDTH
VLA-SETWINDOWTOPLOT
VLA-SETXDATA
VLA-SETXRECORDDATA
VLA-SLICESOLID
VLA-SPLIT
VLA-STARTBATCHMODE
VLA-STARTUNDOMARK
VLA-SWAPORDER
VLA-SYNCMODELVIEW
VLA-SYSVARCHANGED
VLA-TRANSFORMBY
VLA-TRANSLATECOORDINATES
VLA-UNLOAD
VLA-UNLOADDVB
VLA-UNLOADGRX
VLA-UNLOADVBI
VLA-UNMERGECELLS
VLA-UPDATE
VLA-UPDATEENTRY
VLA-UPDATEMTEXTATTRIBUTE
VLA-WBLOCK
VLA-WINDOWCHANGED
VLA-WINDOWMOVEDORRESIZED
VLA-ZOOM
VLA-ZOOMALL
VLA-ZOOMCENTER
VLA-ZOOMEXTENTS
VLA-ZOOMPICKWINDOW
VLA-ZOOMPREVIOUS
VLA-ZOOMSCALED
VLA-ZOOMWINDOW
VLAX-3D-POINT
VLAX-ADD-CMD
VLAX-CREATE-OBJECT
VLAX-CURVE-GETAREA
VLAX-CURVE-GETCLOSESTPOINTTO
VLAX-CURVE-GETCLOSESTPOINTTOPROJECTION
VLAX-CURVE-GETDISTATPARAM
VLAX-CURVE-GETDISTATPOINT
VLAX-CURVE-GETENDPARAM
VLAX-CURVE-GETENDPOINT
VLAX-CURVE-GETFIRSTDERIV
VLAX-CURVE-GETPARAMATDIST
VLAX-CURVE-GETPARAMATPOINT
VLAX-CURVE-GETPOINTATDIST
VLAX-CURVE-GETPOINTATPARAM
VLAX-CURVE-GETSECONDDERIV
VLAX-CURVE-GETSTARTPARAM
VLAX-CURVE-GETSTARTPOINT
VLAX-CURVE-ISCLOSED
VLAX-CURVE-ISPERIODIC
VLAX-CURVE-ISPLANAR
VLAX-DUMP-OBJECT
VLAX-ENAME->VLA-OBJECT
VLAX-ERASED-P
VLAX-FOR
VLAX-GET
VLAX-GET-ACAD-OBJECT
VLAX-GET-OBJECT
VLAX-GET-OR-CREATE-OBJECT
VLAX-GET-PROPERTY
VLAX-IMPORT-TYPE-LIBRARY
VLAX-INVOKE
VLAX-INVOKE-METHOD
VLAX-LDATA-DELETE
VLAX-LDATA-GET
VLAX-LDATA-LIST
VLAX-LDATA-PUT
VLAX-LDATA-TEST
VLAX-MAKE-SAFEARRAY
VLAX-MAKE-VARIANT
VLAX-MAP-COLLECTION
VLAX-METHOD-APPLICABLE-P
VLAX-OBJECT-RELEASED-P
VLAX-PRODUCT-KEY
VLAX-PROPERTY-AVAILABLE-P
VLAX-PUT
VLAX-PUT-PROPERTY
VLAX-READ-ENABLED-P
VLAX-RELEASE-OBJECT
VLAX-REMOVE-CMD
VLAX-SAFEARRAY->LIST
VLAX-SAFEARRAY-FILL
VLAX-SAFEARRAY-GET-DIM
VLAX-SAFEARRAY-GET-ELEMENT
VLAX-SAFEARRAY-GET-L-BOUND
VLAX-SAFEARRAY-GET-U-BOUND
VLAX-SAFEARRAY-PUT-ELEMENT
VLAX-SAFEARRAY-TYPE
VLAX-TMATRIX
VLAX-TYPEINFO-AVAILABLE-P
VLAX-VARIANT-CHANGE-TYPE
VLAX-VARIANT-TYPE
VLAX-VARIANT-VALUE
VLAX-VBABORT
VLAX-VBABORTRETRYIGNORE
VLAX-VBAPPLICATIONMODAL
VLAX-VBARCHIVE
VLAX-VBARRAY
VLAX-VBBOOLEAN
VLAX-VBCANCEL
VLAX-VBCRITICAL
VLAX-VBCURRENCY
VLAX-VBDATAOBJECT
VLAX-VBDATE
VLAX-VBDEFAULTBUTTON1
VLAX-VBDEFAULTBUTTON2
VLAX-VBDEFAULTBUTTON3
VLAX-VBDIRECTORY
VLAX-VBDOUBLE
VLAX-VBEMPTY
VLAX-VBERROR
VLAX-VBEXCLAMATION
VLAX-VBHIDDEN
VLAX-VBHIRAGANA
VLAX-VBIGNORE
VLAX-VBINFORMATION
VLAX-VBINTEGER
VLAX-VBKATAKANA
VLAX-VBLONG
VLAX-VBLOWERCASE
VLAX-VBNARROW
VLAX-VBNO
VLAX-VBNORMAL
VLAX-VBNULL
VLAX-VBOBJECT
VLAX-VBOK
VLAX-VBOKCANCEL
VLAX-VBOKONLY
VLAX-VBPROPERCASE
VLAX-VBQUESTION
VLAX-VBREADONLY
VLAX-VBRETRY
VLAX-VBRETRYCANCEL
VLAX-VBSINGLE
VLAX-VBSTRING
VLAX-VBSYSTEM
VLAX-VBSYSTEMMODAL
VLAX-VBUPPERCASE
VLAX-VBVARIANT
VLAX-VBVOLUME
VLAX-VBWIDE
VLAX-VBYES
VLAX-VBYESNO
VLAX-VBYESNOCANCEL
VLAX-VLA-OBJECT->ENAME
VLAX-WRITE-ENABLED-P
VLISP-COMPILE
VLR-ACDB-REACTOR
VLR-ADD
VLR-ADDED-P
VLR-BEEP-REACTION
VLR-COMMAND-REACTOR
VLR-CURRENT-REACTION-NAME
VLR-DATA
VLR-DATA-SET
VLR-DEEPCLONE-REACTOR
VLR-DOCMANAGER-REACTOR
VLR-DWG-REACTOR
VLR-DXF-REACTOR
VLR-EDITOR-REACTOR
VLR-INSERT-REACTOR
VLR-LINKER-REACTOR
VLR-LISP-REACTOR
VLR-MISCELLANEOUS-REACTOR
VLR-MOUSE-REACTOR
VLR-NOTIFICATION
VLR-OBJECT-REACTOR
VLR-OWNER-ADD
VLR-OWNER-REMOVE
VLR-OWNERS
VLR-PERS
VLR-PERS-LIST
VLR-PERS-P
VLR-PERS-RELEASE
VLR-REACTION-NAMES
VLR-REACTION-SET
VLR-REACTIONS
VLR-REACTORS
VLR-REMOVE
VLR-REMOVE-ALL
VLR-SET-NOTIFICATION
VLR-SYSVAR-REACTOR
VLR-TOOLBAR-REACTOR
VLR-TRACE-REACTION
VLR-TYPE
VLR-TYPES
VLR-UNDO-REACTOR
VLR-WBLOCK-REACTOR
VLR-WINDOW-REACTOR
VLR-XREF-REACTOR
VMON
VPNAME
VPNUMBER
VPORTS
WCMATCH
WHILE
WRITE-CHAR
WRITE-LINE
X
XBL
XDL
XDROOM
XDSIZE
XSTRCASE
ZEROP
_ACET_ERROR_INIT_NEWERRORHANDLE
_ACET_ERROR_INIT_OLDERRORHANDLE
_ACET_ERROR_INIT_UNDOFLAG
_ACET_ERROR_INIT_VARBACKUP_
_AL-BIND-ALIST
_AUTOARXLOAD
_AUTOLOAD
_AUTOQLOAD
_OLDENVVAL
~
